Archive member included to satisfy reference by file (symbol)

d:/app/stm32cubeide/stm32cubeide_1.10.1/stm32cubeide/plugins/com.st.stm32cube.ide.mcu.externaltools.gnu-tools-for-stm32.10.3-2021.10.win32_1.0.0.202111181127/tools/bin/../lib/gcc/arm-none-eabi/10.3.1/../../../../arm-none-eabi/lib/thumb/v7e-m+fp/hard\libc_nano.a(lib_a-errno.o)
                              ./Core/Src/syscalls.o (__errno)
d:/app/stm32cubeide/stm32cubeide_1.10.1/stm32cubeide/plugins/com.st.stm32cube.ide.mcu.externaltools.gnu-tools-for-stm32.10.3-2021.10.win32_1.0.0.202111181127/tools/bin/../lib/gcc/arm-none-eabi/10.3.1/../../../../arm-none-eabi/lib/thumb/v7e-m+fp/hard\libc_nano.a(lib_a-exit.o)
                              d:/app/stm32cubeide/stm32cubeide_1.10.1/stm32cubeide/plugins/com.st.stm32cube.ide.mcu.externaltools.gnu-tools-for-stm32.10.3-2021.10.win32_1.0.0.202111181127/tools/bin/../lib/gcc/arm-none-eabi/10.3.1/../../../../arm-none-eabi/lib/thumb/v7e-m+fp/hard/crt0.o (exit)
d:/app/stm32cubeide/stm32cubeide_1.10.1/stm32cubeide/plugins/com.st.stm32cube.ide.mcu.externaltools.gnu-tools-for-stm32.10.3-2021.10.win32_1.0.0.202111181127/tools/bin/../lib/gcc/arm-none-eabi/10.3.1/../../../../arm-none-eabi/lib/thumb/v7e-m+fp/hard\libc_nano.a(lib_a-impure.o)
                              d:/app/stm32cubeide/stm32cubeide_1.10.1/stm32cubeide/plugins/com.st.stm32cube.ide.mcu.externaltools.gnu-tools-for-stm32.10.3-2021.10.win32_1.0.0.202111181127/tools/bin/../lib/gcc/arm-none-eabi/10.3.1/../../../../arm-none-eabi/lib/thumb/v7e-m+fp/hard\libc_nano.a(lib_a-exit.o) (_global_impure_ptr)
d:/app/stm32cubeide/stm32cubeide_1.10.1/stm32cubeide/plugins/com.st.stm32cube.ide.mcu.externaltools.gnu-tools-for-stm32.10.3-2021.10.win32_1.0.0.202111181127/tools/bin/../lib/gcc/arm-none-eabi/10.3.1/../../../../arm-none-eabi/lib/thumb/v7e-m+fp/hard\libc_nano.a(lib_a-init.o)
                              d:/app/stm32cubeide/stm32cubeide_1.10.1/stm32cubeide/plugins/com.st.stm32cube.ide.mcu.externaltools.gnu-tools-for-stm32.10.3-2021.10.win32_1.0.0.202111181127/tools/bin/../lib/gcc/arm-none-eabi/10.3.1/../../../../arm-none-eabi/lib/thumb/v7e-m+fp/hard/crt0.o (__libc_init_array)
d:/app/stm32cubeide/stm32cubeide_1.10.1/stm32cubeide/plugins/com.st.stm32cube.ide.mcu.externaltools.gnu-tools-for-stm32.10.3-2021.10.win32_1.0.0.202111181127/tools/bin/../lib/gcc/arm-none-eabi/10.3.1/../../../../arm-none-eabi/lib/thumb/v7e-m+fp/hard\libc_nano.a(lib_a-memset.o)
                              d:/app/stm32cubeide/stm32cubeide_1.10.1/stm32cubeide/plugins/com.st.stm32cube.ide.mcu.externaltools.gnu-tools-for-stm32.10.3-2021.10.win32_1.0.0.202111181127/tools/bin/../lib/gcc/arm-none-eabi/10.3.1/../../../../arm-none-eabi/lib/thumb/v7e-m+fp/hard/crt0.o (memset)
d:/app/stm32cubeide/stm32cubeide_1.10.1/stm32cubeide/plugins/com.st.stm32cube.ide.mcu.externaltools.gnu-tools-for-stm32.10.3-2021.10.win32_1.0.0.202111181127/tools/bin/../lib/gcc/arm-none-eabi/10.3.1/../../../../arm-none-eabi/lib/thumb/v7e-m+fp/hard\libc_nano.a(lib_a-nano-vfprintf_float.o)
                              (_printf_float)
d:/app/stm32cubeide/stm32cubeide_1.10.1/stm32cubeide/plugins/com.st.stm32cube.ide.mcu.externaltools.gnu-tools-for-stm32.10.3-2021.10.win32_1.0.0.202111181127/tools/bin/../lib/gcc/arm-none-eabi/10.3.1/../../../../arm-none-eabi/lib/thumb/v7e-m+fp/hard\libc_nano.a(lib_a-nano-vfprintf_i.o)
                              d:/app/stm32cubeide/stm32cubeide_1.10.1/stm32cubeide/plugins/com.st.stm32cube.ide.mcu.externaltools.gnu-tools-for-stm32.10.3-2021.10.win32_1.0.0.202111181127/tools/bin/../lib/gcc/arm-none-eabi/10.3.1/../../../../arm-none-eabi/lib/thumb/v7e-m+fp/hard\libc_nano.a(lib_a-nano-vfprintf_float.o) (_printf_common)
d:/app/stm32cubeide/stm32cubeide_1.10.1/stm32cubeide/plugins/com.st.stm32cube.ide.mcu.externaltools.gnu-tools-for-stm32.10.3-2021.10.win32_1.0.0.202111181127/tools/bin/../lib/gcc/arm-none-eabi/10.3.1/../../../../arm-none-eabi/lib/thumb/v7e-m+fp/hard\libc_nano.a(lib_a-sprintf.o)
                              ./Core/Src/main.o (sprintf)
d:/app/stm32cubeide/stm32cubeide_1.10.1/stm32cubeide/plugins/com.st.stm32cube.ide.mcu.externaltools.gnu-tools-for-stm32.10.3-2021.10.win32_1.0.0.202111181127/tools/bin/../lib/gcc/arm-none-eabi/10.3.1/../../../../arm-none-eabi/lib/thumb/v7e-m+fp/hard\libc_nano.a(lib_a-strlen.o)
                              d:/app/stm32cubeide/stm32cubeide_1.10.1/stm32cubeide/plugins/com.st.stm32cube.ide.mcu.externaltools.gnu-tools-for-stm32.10.3-2021.10.win32_1.0.0.202111181127/tools/bin/../lib/gcc/arm-none-eabi/10.3.1/../../../../arm-none-eabi/lib/thumb/v7e-m+fp/hard\libc_nano.a(lib_a-nano-vfprintf_float.o) (strlen)
d:/app/stm32cubeide/stm32cubeide_1.10.1/stm32cubeide/plugins/com.st.stm32cube.ide.mcu.externaltools.gnu-tools-for-stm32.10.3-2021.10.win32_1.0.0.202111181127/tools/bin/../lib/gcc/arm-none-eabi/10.3.1/../../../../arm-none-eabi/lib/thumb/v7e-m+fp/hard\libc_nano.a(lib_a-dtoa.o)
[...]
Memory Configuration

Name             Origin             Length             Attributes
CCMRAM           0x0000000010000000 0x0000000000010000 xrw
RAM              0x0000000020000000 0x0000000000030000 xrw
FLASH            0x0000000008000000 0x0000000000200000 xr
*default*        0x0000000000000000 0xffffffffffffffff

Linker script and memory map

LOAD d:/app/stm32cubeide/stm32cubeide_1.10.1/stm32cubeide/plugins/com.st.stm32cube.ide.mcu.externaltools.gnu-tools-for-stm32.10.3-2021.10.win32_1.0.0.202111181127/tools/bin/../lib/gcc/arm-none-eabi/10.3.1/thumb/v7e-m+fp/hard/crti.o
LOAD d:/app/stm32cubeide/stm32cubeide_1.10.1/stm32cubeide/plugins/com.st.stm32cube.ide.mcu.externaltools.gnu-tools-for-stm32.10.3-2021.10.win32_1.0.0.202111181127/tools/bin/../lib/gcc/arm-none-eabi/10.3.1/thumb/v7e-m+fp/hard/crtbegin.o
LOAD d:/app/stm32cubeide/stm32cubeide_1.10.1/stm32cubeide/plugins/com.st.stm32cube.ide.mcu.externaltools.gnu-tools-for-stm32.10.3-2021.10.win32_1.0.0.202111181127/tools/bin/../lib/gcc/arm-none-eabi/10.3.1/../../../../arm-none-eabi/lib/thumb/v7e-m+fp/hard/crt0.o
LOAD ./Core/Src/main.o
LOAD ./Core/Src/stm32f4xx_hal_msp.o
LOAD ./Core/Src/stm32f4xx_it.o
LOAD ./Core/Src/syscalls.o
LOAD ./Core/Src/sysmem.o
LOAD ./Core/Src/system_stm32f4xx.o
LOAD ./Core/Startup/startup_stm32f429zitx.o
LOAD ./Drivers/BSP/Components/cs43l22/cs43l22.o
LOAD ./Drivers/BSP/Components/dp83848/dp83848.o
LOAD ./Drivers/BSP/Components/exc7200/exc7200.o
LOAD ./Drivers/BSP/Components/ft3x67/ft3x67.o
LOAD ./Drivers/BSP/Components/ft6x06/ft6x06.o
LOAD ./Drivers/BSP/Components/i3g4250d/i3g4250d.o
LOAD ./Drivers/BSP/Components/ili9325/ili9325.o
LOAD ./Drivers/BSP/Components/ili9341/ili9341.o
LOAD ./Drivers/BSP/Components/l3gd20/l3gd20.o
LOAD ./Drivers/BSP/Components/lan8742/lan8742.o
LOAD ./Drivers/BSP/Components/lis302dl/lis302dl.o
LOAD ./Drivers/BSP/Components/lis3dsh/lis3dsh.o
LOAD ./Drivers/BSP/Components/ls016b8uy/ls016b8uy.o
LOAD ./Drivers/BSP/Components/lsm303agr/lsm303agr.o
LOAD ./Drivers/BSP/Components/lsm303dlhc/lsm303dlhc.o
LOAD ./Drivers/BSP/Components/mfxstm32l152/mfxstm32l152.o
LOAD ./Drivers/BSP/Components/nt35510/nt35510.o
LOAD ./Drivers/BSP/Components/otm8009a/otm8009a.o
LOAD ./Drivers/BSP/Components/ov2640/ov2640.o
LOAD ./Drivers/BSP/Components/ov5640/ov5640.o
LOAD ./Drivers/BSP/Components/s5k5cag/s5k5cag.o
LOAD ./Drivers/BSP/Components/st7735/st7735.o
LOAD ./Drivers/BSP/Components/st7789h2/st7789h2.o
LOAD ./Drivers/BSP/Components/stmpe1600/stmpe1600.o
LOAD ./Drivers/BSP/Components/stmpe811/stmpe811.o
LOAD ./Drivers/BSP/Components/ts3510/ts3510.o
LOAD ./Drivers/BSP/Components/wm8994/wm8994.o
LOAD ./Drivers/BSP/STM32F429I-Discovery/stm32f429i_discovery.o
LOAD ./Drivers/BSP/STM32F429I-Discovery/stm32f429i_discovery_eeprom.o
LOAD ./Drivers/BSP/STM32F429I-Discovery/stm32f429i_discovery_gyroscope.o
LOAD ./Drivers/BSP/STM32F429I-Discovery/stm32f429i_discovery_io.o
LOAD ./Drivers/BSP/STM32F429I-Discovery/stm32f429i_discovery_lcd.o
LOAD ./Drivers/BSP/STM32F429I-Discovery/stm32f429i_discovery_sdram.o
LOAD ./Drivers/BSP/STM32F429I-Discovery/stm32f429i_discovery_ts.o
LOAD ./Drivers/STM32F4xx_HAL_Driver/stm32f4xx_hal.o
LOAD ./Drivers/STM32F4xx_HAL_Driver/stm32f4xx_hal_cortex.o
LOAD ./Drivers/STM32F4xx_HAL_Driver/stm32f4xx_hal_dma.o
LOAD ./Drivers/STM32F4xx_HAL_Driver/stm32f4xx_hal_dma2d.o
LOAD ./Drivers/STM32F4xx_HAL_Driver/stm32f4xx_hal_dma_ex.o
LOAD ./Drivers/STM32F4xx_HAL_Driver/stm32f4xx_hal_exti.o
LOAD ./Drivers/STM32F4xx_HAL_Driver/stm32f4xx_hal_flash.o
LOAD ./Drivers/STM32F4xx_HAL_Driver/stm32f4xx_hal_flash_ex.o
LOAD ./Drivers/STM32F4xx_HAL_Driver/stm32f4xx_hal_flash_ramfunc.o
LOAD ./Drivers/STM32F4xx_HAL_Driver/stm32f4xx_hal_gpio.o
LOAD ./Drivers/STM32F4xx_HAL_Driver/stm32f4xx_hal_i2c.o
LOAD ./Drivers/STM32F4xx_HAL_Driver/stm32f4xx_hal_ltdc.o
LOAD ./Drivers/STM32F4xx_HAL_Driver/stm32f4xx_hal_pcd.o
LOAD ./Drivers/STM32F4xx_HAL_Driver/stm32f4xx_hal_pcd_ex.o
LOAD ./Drivers/STM32F4xx_HAL_Driver/stm32f4xx_hal_pwr.o
LOAD ./Drivers/STM32F4xx_HAL_Driver/stm32f4xx_hal_pwr_ex.o
LOAD ./Drivers/STM32F4xx_HAL_Driver/stm32f4xx_hal_rcc.o
LOAD ./Drivers/STM32F4xx_HAL_Driver/stm32f4xx_hal_rcc_ex.o
LOAD ./Drivers/STM32F4xx_HAL_Driver/stm32f4xx_hal_sdram.o
LOAD ./Drivers/STM32F4xx_HAL_Driver/stm32f4xx_hal_spi.o
LOAD ./Drivers/STM32F4xx_HAL_Driver/stm32f4xx_ll_fmc.o
LOAD ./Drivers/STM32F4xx_HAL_Driver/stm32f4xx_ll_usb.o
LOAD ./Middlewares/USB_Device_Library/usbd_cdc.o
LOAD ./Middlewares/USB_Device_Library/usbd_core.o
LOAD ./Middlewares/USB_Device_Library/usbd_ctlreq.o
LOAD ./Middlewares/USB_Device_Library/usbd_ioreq.o
LOAD ./USB_DEVICE/App/usb_device.o
LOAD ./USB_DEVICE/App/usbd_cdc_if.o
LOAD ./USB_DEVICE/App/usbd_desc.o
LOAD ./USB_DEVICE/Target/usbd_conf.o
START GROUP
LOAD d:/app/stm32cubeide/stm32cubeide_1.10.1/stm32cubeide/plugins/com.st.stm32cube.ide.mcu.externaltools.gnu-tools-for-stm32.10.3-2021.10.win32_1.0.0.202111181127/tools/bin/../lib/gcc/arm-none-eabi/10.3.1/../../../../arm-none-eabi/lib/thumb/v7e-m+fp/hard\libc_nano.a
LOAD d:/app/stm32cubeide/stm32cubeide_1.10.1/stm32cubeide/plugins/com.st.stm32cube.ide.mcu.externaltools.gnu-tools-for-stm32.10.3-2021.10.win32_1.0.0.202111181127/tools/bin/../lib/gcc/arm-none-eabi/10.3.1/../../../../arm-none-eabi/lib/thumb/v7e-m+fp/hard\libm.a
END GROUP
START GROUP
LOAD d:/app/stm32cubeide/stm32cubeide_1.10.1/stm32cubeide/plugins/com.st.stm32cube.ide.mcu.externaltools.gnu-tools-for-stm32.10.3-2021.10.win32_1.0.0.202111181127/tools/bin/../lib/gcc/arm-none-eabi/10.3.1/thumb/v7e-m+fp/hard\libgcc.a
LOAD d:/app/stm32cubeide/stm32cubeide_1.10.1/stm32cubeide/plugins/com.st.stm32cube.ide.mcu.externaltools.gnu-tools-for-stm32.10.3-2021.10.win32_1.0.0.202111181127/tools/bin/../lib/gcc/arm-none-eabi/10.3.1/../../../../arm-none-eabi/lib/thumb/v7e-m+fp/hard\libc_nano.a
END GROUP
START GROUP
LOAD d:/app/stm32cubeide/stm32cubeide_1.10.1/stm32cubeide/plugins/com.st.stm32cube.ide.mcu.externaltools.gnu-tools-for-stm32.10.3-2021.10.win32_1.0.0.202111181127/tools/bin/../lib/gcc/arm-none-eabi/10.3.1/thumb/v7e-m+fp/hard\libgcc.a
LOAD d:/app/stm32cubeide/stm32cubeide_1.10.1/stm32cubeide/plugins/com.st.stm32cube.ide.mcu.externaltools.gnu-tools-for-stm32.10.3-2021.10.win32_1.0.0.202111181127/tools/bin/../lib/gcc/arm-none-eabi/10.3.1/../../../../arm-none-eabi/lib/thumb/v7e-m+fp/hard\libc_nano.a
LOAD d:/app/stm32cubeide/stm32cubeide_1.10.1/stm32cubeide/plugins/com.st.stm32cube.ide.mcu.externaltools.gnu-tools-for-stm32.10.3-2021.10.win32_1.0.0.202111181127/tools/bin/../lib/gcc/arm-none-eabi/10.3.1/../../../../arm-none-eabi/lib/thumb/v7e-m+fp/hard\libnosys.a
END GROUP
START GROUP
LOAD d:/app/stm32cubeide/stm32cubeide_1.10.1/stm32cubeide/plugins/com.st.stm32cube.ide.mcu.externaltools.gnu-tools-for-stm32.10.3-2021.10.win32_1.0.0.202111181127/tools/bin/../lib/gcc/arm-none-eabi/10.3.1/thumb/v7e-m+fp/hard\libgcc.a
LOAD d:/app/stm32cubeide/stm32cubeide_1.10.1/stm32cubeide/plugins/com.st.stm32cube.ide.mcu.externaltools.gnu-tools-for-stm32.10.3-2021.10.win32_1.0.0.202111181127/tools/bin/../lib/gcc/arm-none-eabi/10.3.1/../../../../arm-none-eabi/lib/thumb/v7e-m+fp/hard\libc_nano.a
LOAD d:/app/stm32cubeide/stm32cubeide_1.10.1/stm32cubeide/plugins/com.st.stm32cube.ide.mcu.externaltools.gnu-tools-for-stm32.10.3-2021.10.win32_1.0.0.202111181127/tools/bin/../lib/gcc/arm-none-eabi/10.3.1/../../../../arm-none-eabi/lib/thumb/v7e-m+fp/hard\libnosys.a
END GROUP
LOAD d:/app/stm32cubeide/stm32cubeide_1.10.1/stm32cubeide/plugins/com.st.stm32cube.ide.mcu.externaltools.gnu-tools-for-stm32.10.3-2021.10.win32_1.0.0.202111181127/tools/bin/../lib/gcc/arm-none-eabi/10.3.1/thumb/v7e-m+fp/hard/crtend.o
LOAD d:/app/stm32cubeide/stm32cubeide_1.10.1/stm32cubeide/plugins/com.st.stm32cube.ide.mcu.externaltools.gnu-tools-for-stm32.10.3-2021.10.win32_1.0.0.202111181127/tools/bin/../lib/gcc/arm-none-eabi/10.3.1/thumb/v7e-m+fp/hard/crtn.o
                0x0000000020030000                _estack = (ORIGIN (RAM) + LENGTH (RAM))
                0x0000000000002000                _Min_Heap_Size = 0x2000
                0x0000000000000400                _Min_Stack_Size = 0x400

.isr_vector     0x0000000008000000      0x1ac
                0x0000000008000000                . = ALIGN (0x4)
 *(.isr_vector)
 .isr_vector    0x0000000008000000      0x1ac ./Core/Startup/startup_stm32f429zitx.o
                0x0000000008000000                g_pfnVectors
                0x00000000080001ac                . = ALIGN (0x4)

.text           0x00000000080001b0     0xe410
                0x00000000080001b0                . = ALIGN (0x4)
 *(.text)
 .text          0x00000000080001b0       0x40 d:/app/stm32cubeide/stm32cubeide_1.10.1/stm32cubeide/plugins/com.st.stm32cube.ide.mcu.externaltools.gnu-tools-for-stm32.10.3-2021.10.win32_1.0.0.202111181127/tools/bin/../lib/gcc/arm-none-eabi/10.3.1/thumb/v7e-m+fp/hard/crtbegin.o
 .text          0x00000000080001f0       0x10 d:/app/stm32cubeide/stm32cubeide_1.10.1/stm32cubeide/plugins/com.st.stm32cube.ide.mcu.externaltools.gnu-tools-for-stm32.10.3-2021.10.win32_1.0.0.202111181127/tools/bin/../lib/gcc/arm-none-eabi/10.3.1/../../../../arm-none-eabi/lib/thumb/v7e-m+fp/hard\libc_nano.a(lib_a-strlen.o)
                0x00000000080001f0                strlen
 .text          0x0000000008000200       0xa0 d:/app/stm32cubeide/stm32cubeide_1.10.1/stm32cubeide/plugins/com.st.stm32cube.ide.mcu.externaltools.gnu-tools-for-stm32.10.3-2021.10.win32_1.0.0.202111181127/tools/bin/../lib/gcc/arm-none-eabi/10.3.1/../../../../arm-none-eabi/lib/thumb/v7e-m+fp/hard\libc_nano.a(lib_a-memchr.o)
                0x0000000008000200                memchr
 .text          0x00000000080002a0      0x378 d:/app/stm32cubeide/stm32cubeide_1.10.1/stm32cubeide/plugins/com.st.stm32cube.ide.mcu.externaltools.gnu-tools-for-stm32.10.3-2021.10.win32_1.0.0.202111181127/tools/bin/../lib/gcc/arm-none-eabi/10.3.1/thumb/v7e-m+fp/hard\libgcc.a(_arm_addsubdf3.o)
                0x00000000080002a0                __aeabi_drsub
                0x00000000080002a8                __aeabi_dsub
                0x00000000080002a8                __subdf3
                0x00000000080002ac                __aeabi_dadd
                0x00000000080002ac                __adddf3
                0x0000000008000524                __floatunsidf
                0x0000000008000524                __aeabi_ui2d
                0x0000000008000544                __floatsidf
                0x0000000008000544                __aeabi_i2d
                0x0000000008000568                __aeabi_f2d
                0x0000000008000568                __extendsfdf2
                0x00000000080005ac                __floatundidf
                0x00000000080005ac                __aeabi_ul2d
                0x00000000080005bc                __floatdidf
                0x00000000080005bc                __aeabi_l2d
 .text          0x0000000008000618      0x424 d:/app/stm32cubeide/stm32cubeide_1.10.1/stm32cubeide/plugins/com.st.stm32cube.ide.mcu.externaltools.gnu-tools-for-stm32.10.3-2021.10.win32_1.0.0.202111181127/tools/bin/../lib/gcc/arm-none-eabi/10.3.1/thumb/v7e-m+fp/hard\libgcc.a(_arm_muldivdf3.o)
                0x0000000008000618                __aeabi_dmul
                0x0000000008000618                __muldf3
                0x000000000800086c                __divdf3
                0x000000000800086c                __aeabi_ddiv
 .text          0x0000000008000a3c      0x110 d:/app/stm32cubeide/stm32cubeide_1.10.1/stm32cubeide/plugins/com.st.stm32cube.ide.mcu.externaltools.gnu-tools-for-stm32.10.3-2021.10.win32_1.0.0.202111181127/tools/bin/../lib/gcc/arm-none-eabi/10.3.1/thumb/v7e-m+fp/hard\libgcc.a(_arm_cmpdf2.o)
                0x0000000008000a3c                __gtdf2
                0x0000000008000a3c                __gedf2
                0x0000000008000a44                __ltdf2
                0x0000000008000a44                __ledf2
                0x0000000008000a4c                __nedf2
                0x0000000008000a4c                __eqdf2
                0x0000000008000a4c                __cmpdf2
                0x0000000008000ac8                __aeabi_cdrcmple
                0x0000000008000ad8                __aeabi_cdcmpeq
                0x0000000008000ad8                __aeabi_cdcmple
                0x0000000008000ae8                __aeabi_dcmpeq
                0x0000000008000afc                __aeabi_dcmplt
                0x0000000008000b10                __aeabi_dcmple
                0x0000000008000b24                __aeabi_dcmpge
                0x0000000008000b38                __aeabi_dcmpgt
 .text          0x0000000008000b4c       0x2c d:/app/stm32cubeide/stm32cubeide_1.10.1/stm32cubeide/plugins/com.st.stm32cube.ide.mcu.externaltools.gnu-tools-for-stm32.10.3-2021.10.win32_1.0.0.202111181127/tools/bin/../lib/gcc/arm-none-eabi/10.3.1/thumb/v7e-m+fp/hard\libgcc.a(_arm_unorddf2.o)
                0x0000000008000b4c                __unorddf2
                0x0000000008000b4c                __aeabi_dcmpun
 .text          0x0000000008000b78       0x50 d:/app/stm32cubeide/stm32cubeide_1.10.1/stm32cubeide/plugins/com.st.stm32cube.ide.mcu.externaltools.gnu-tools-for-stm32.10.3-2021.10.win32_1.0.0.202111181127/tools/bin/../lib/gcc/arm-none-eabi/10.3.1/thumb/v7e-m+fp/hard\libgcc.a(_arm_fixdfsi.o)
                0x0000000008000b78                __aeabi_d2iz
                0x0000000008000b78                __fixdfsi
 .text          0x0000000008000bc8       0xa0 d:/app/stm32cubeide/stm32cubeide_1.10.1/stm32cubeide/plugins/com.st.stm32cube.ide.mcu.externaltools.gnu-tools-for-stm32.10.3-2021.10.win32_1.0.0.202111181127/tools/bin/../lib/gcc/arm-none-eabi/10.3.1/thumb/v7e-m+fp/hard\libgcc.a(_arm_truncdfsf2.o)
                0x0000000008000bc8                __truncdfsf2
                0x0000000008000bc8                __aeabi_d2f
 .text          0x0000000008000c68       0x30 d:/app/stm32cubeide/stm32cubeide_1.10.1/stm32cubeide/plugins/com.st.stm32cube.ide.mcu.externaltools.gnu-tools-for-stm32.10.3-2021.10.win32_1.0.0.202111181127/tools/bin/../lib/gcc/arm-none-eabi/10.3.1/thumb/v7e-m+fp/hard\libgcc.a(_aeabi_uldivmod.o)
                0x0000000008000c68                __aeabi_uldivmod
 .text          0x0000000008000c98      0x2d0 d:/app/stm32cubeide/stm32cubeide_1.10.1/stm32cubeide/plugins/com.st.stm32cube.ide.mcu.externaltools.gnu-tools-for-stm32.10.3-2021.10.win32_1.0.0.202111181127/tools/bin/../lib/gcc/arm-none-eabi/10.3.1/thumb/v7e-m+fp/hard\libgcc.a(_udivmoddi4.o)
                0x0000000008000c98                __udivmoddi4
 .text          0x0000000008000f68        0x4 d:/app/stm32cubeide/stm32cubeide_1.10.1/stm32cubeide/plugins/com.st.stm32cube.ide.mcu.externaltools.gnu-tools-for-stm32.10.3-2021.10.win32_1.0.0.202111181127/tools/bin/../lib/gcc/arm-none-eabi/10.3.1/thumb/v7e-m+fp/hard\libgcc.a(_dvmd_tls.o)
                0x0000000008000f68                __aeabi_idiv0
                0x0000000008000f68                __aeabi_ldiv0
 *(.text*)
 .text.main     0x0000000008000f6c      0x1c4 ./Core/Src/main.o
                0x0000000008000f6c                main
 .text.SystemClock_Config
                0x0000000008001130       0xd4 ./Core/Src/main.o
                0x0000000008001130                SystemClock_Config
 .text.MX_GPIO_Init
                0x0000000008001204       0x6c ./Core/Src/main.o
 .text.Error_Handler
                0x0000000008001270        0xa ./Core/Src/main.o
                0x0000000008001270                Error_Handler
 *fill*         0x000000000800127a        0x2 
 .text.HAL_MspInit
                0x000000000800127c       0x50 ./Core/Src/stm32f4xx_hal_msp.o
                0x000000000800127c                HAL_MspInit
 .text.NMI_Handler
                0x00000000080012cc        0x6 ./Core/Src/stm32f4xx_it.o
                0x00000000080012cc                NMI_Handler
 .text.HardFault_Handler
                0x00000000080012d2        0x6 ./Core/Src/stm32f4xx_it.o
                0x00000000080012d2                HardFault_Handler
 .text.MemManage_Handler
                0x00000000080012d8        0x6 ./Core/Src/stm32f4xx_it.o
                0x00000000080012d8                MemManage_Handler
 .text.BusFault_Handler
                0x00000000080012de        0x6 ./Core/Src/stm32f4xx_it.o
                0x00000000080012de                BusFault_Handler
 .text.UsageFault_Handler
                0x00000000080012e4        0x6 ./Core/Src/stm32f4xx_it.o
                0x00000000080012e4                UsageFault_Handler
 .text.SVC_Handler
                0x00000000080012ea        0xe ./Core/Src/stm32f4xx_it.o
                0x00000000080012ea                SVC_Handler
 .text.DebugMon_Handler
                0x00000000080012f8        0xe ./Core/Src/stm32f4xx_it.o
                0x00000000080012f8                DebugMon_Handler
 .text.PendSV_Handler
                0x0000000008001306        0xe ./Core/Src/stm32f4xx_it.o
                0x0000000008001306                PendSV_Handler
 .text.SysTick_Handler
                0x0000000008001314        0xc ./Core/Src/stm32f4xx_it.o
                0x0000000008001314                SysTick_Handler
 .text.OTG_HS_IRQHandler
                0x0000000008001320       0x14 ./Core/Src/stm32f4xx_it.o
                0x0000000008001320                OTG_HS_IRQHandler
 .text._getpid  0x0000000008001334       0x10 ./Core/Src/syscalls.o
                0x0000000008001334                _getpid
 .text._kill    0x0000000008001344       0x20 ./Core/Src/syscalls.o
                0x0000000008001344                _kill
 .text._exit    0x0000000008001364       0x14 ./Core/Src/syscalls.o
                0x0000000008001364                _exit
 .text._read    0x0000000008001378       0x3a ./Core/Src/syscalls.o
                0x0000000008001378                _read
 .text._write   0x00000000080013b2       0x38 ./Core/Src/syscalls.o
                0x00000000080013b2                _write
 .text._close   0x00000000080013ea       0x18 ./Core/Src/syscalls.o
                0x00000000080013ea                _close
 .text._fstat   0x0000000008001402       0x20 ./Core/Src/syscalls.o
                0x0000000008001402                _fstat
 .text._isatty  0x0000000008001422       0x16 ./Core/Src/syscalls.o
                0x0000000008001422                _isatty
 .text._lseek   0x0000000008001438       0x1a ./Core/Src/syscalls.o
                0x0000000008001438                _lseek
 *fill*         0x0000000008001452        0x2 
 .text._sbrk    0x0000000008001454       0x6c ./Core/Src/sysmem.o
                0x0000000008001454                _sbrk
 .text.SystemInit
                0x00000000080014c0       0x24 ./Core/Src/system_stm32f4xx.o
                0x00000000080014c0                SystemInit
 .text.Reset_Handler
                0x00000000080014e4       0x50 ./Core/Startup/startup_stm32f429zitx.o
                0x00000000080014e4                Reset_Handler
 .text.Default_Handler
                0x0000000008001534        0x2 ./Core/Startup/startup_stm32f429zitx.o
                0x0000000008001534                RTC_Alarm_IRQHandler
                0x0000000008001534                HASH_RNG_IRQHandler
                0x0000000008001534                EXTI2_IRQHandler
                0x0000000008001534                TIM8_CC_IRQHandler
                0x0000000008001534                UART8_IRQHandler
                0x0000000008001534                SPI4_IRQHandler
                0x0000000008001534                TIM1_CC_IRQHandler
                0x0000000008001534                DMA2_Stream5_IRQHandler
                0x0000000008001534                DMA1_Stream5_IRQHandler
                0x0000000008001534                PVD_IRQHandler
                0x0000000008001534                SDIO_IRQHandler
                0x0000000008001534                TAMP_STAMP_IRQHandler
                0x0000000008001534                CAN2_RX1_IRQHandler
                0x0000000008001534                EXTI3_IRQHandler
                0x0000000008001534                TIM8_TRG_COM_TIM14_IRQHandler
                0x0000000008001534                TIM1_UP_TIM10_IRQHandler
                0x0000000008001534                TIM8_UP_TIM13_IRQHandler
                0x0000000008001534                I2C3_ER_IRQHandler
                0x0000000008001534                EXTI0_IRQHandler
                0x0000000008001534                I2C2_EV_IRQHandler
                0x0000000008001534                DMA1_Stream2_IRQHandler
                0x0000000008001534                CAN1_RX0_IRQHandler
                0x0000000008001534                FPU_IRQHandler
                0x0000000008001534                OTG_HS_WKUP_IRQHandler
                0x0000000008001534                LTDC_ER_IRQHandler
                0x0000000008001534                CAN2_SCE_IRQHandler
                0x0000000008001534                DMA2_Stream2_IRQHandler
                0x0000000008001534                SPI1_IRQHandler
                0x0000000008001534                TIM6_DAC_IRQHandler
                0x0000000008001534                TIM1_BRK_TIM9_IRQHandler
                0x0000000008001534                DCMI_IRQHandler
                0x0000000008001534                CAN2_RX0_IRQHandler
                0x0000000008001534                DMA2_Stream3_IRQHandler
                0x0000000008001534                USART6_IRQHandler
                0x0000000008001534                USART3_IRQHandler
                0x0000000008001534                CAN1_RX1_IRQHandler
                0x0000000008001534                UART5_IRQHandler
                0x0000000008001534                DMA2_Stream0_IRQHandler
                0x0000000008001534                TIM4_IRQHandler
                0x0000000008001534                I2C1_EV_IRQHandler
                0x0000000008001534                DMA1_Stream6_IRQHandler
                0x0000000008001534                DMA1_Stream1_IRQHandler
                0x0000000008001534                UART4_IRQHandler
                0x0000000008001534                TIM3_IRQHandler
                0x0000000008001534                RCC_IRQHandler
                0x0000000008001534                TIM8_BRK_TIM12_IRQHandler
                0x0000000008001534                Default_Handler
                0x0000000008001534                EXTI15_10_IRQHandler
                0x0000000008001534                ADC_IRQHandler
                0x0000000008001534                DMA1_Stream7_IRQHandler
                0x0000000008001534                SPI5_IRQHandler
                0x0000000008001534                TIM7_IRQHandler
                0x0000000008001534                CAN2_TX_IRQHandler
                0x0000000008001534                TIM5_IRQHandler
                0x0000000008001534                DMA2_Stream7_IRQHandler
                0x0000000008001534                I2C3_EV_IRQHandler
                0x0000000008001534                EXTI9_5_IRQHandler
                0x0000000008001534                RTC_WKUP_IRQHandler
                0x0000000008001534                LTDC_IRQHandler
                0x0000000008001534                ETH_WKUP_IRQHandler
                0x0000000008001534                SPI2_IRQHandler
                0x0000000008001534                OTG_HS_EP1_IN_IRQHandler
                0x0000000008001534                DMA1_Stream0_IRQHandler
                0x0000000008001534                CAN1_TX_IRQHandler
                0x0000000008001534                EXTI4_IRQHandler
                0x0000000008001534                ETH_IRQHandler
                0x0000000008001534                OTG_HS_EP1_OUT_IRQHandler
                0x0000000008001534                WWDG_IRQHandler
                0x0000000008001534                SPI6_IRQHandler
                0x0000000008001534                TIM2_IRQHandler
                0x0000000008001534                OTG_FS_WKUP_IRQHandler
                0x0000000008001534                TIM1_TRG_COM_TIM11_IRQHandler
                0x0000000008001534                DMA2D_IRQHandler
                0x0000000008001534                EXTI1_IRQHandler
                0x0000000008001534                UART7_IRQHandler
                0x0000000008001534                USART2_IRQHandler
                0x0000000008001534                I2C2_ER_IRQHandler
                0x0000000008001534                DMA2_Stream1_IRQHandler
                0x0000000008001534                CAN1_SCE_IRQHandler
                0x0000000008001534                FLASH_IRQHandler
                0x0000000008001534                DMA2_Stream4_IRQHandler
                0x0000000008001534                USART1_IRQHandler
                0x0000000008001534                OTG_FS_IRQHandler
                0x0000000008001534                SPI3_IRQHandler
                0x0000000008001534                DMA1_Stream4_IRQHandler
                0x0000000008001534                I2C1_ER_IRQHandler
                0x0000000008001534                FMC_IRQHandler
                0x0000000008001534                DMA2_Stream6_IRQHandler
                0x0000000008001534                SAI1_IRQHandler
                0x0000000008001534                DMA1_Stream3_IRQHandler
 .text.ili9341_Init
                0x0000000008001536      0x294 ./Drivers/BSP/Components/ili9341/ili9341.o
                0x0000000008001536                ili9341_Init
 .text.ili9341_ReadID
                0x00000000080017ca       0x18 ./Drivers/BSP/Components/ili9341/ili9341.o
                0x00000000080017ca                ili9341_ReadID
 .text.ili9341_DisplayOn
                0x00000000080017e2        0xe ./Drivers/BSP/Components/ili9341/ili9341.o
                0x00000000080017e2                ili9341_DisplayOn
 .text.ili9341_DisplayOff
                0x00000000080017f0        0xe ./Drivers/BSP/Components/ili9341/ili9341.o
                0x00000000080017f0                ili9341_DisplayOff
 .text.ili9341_WriteReg
                0x00000000080017fe       0x1a ./Drivers/BSP/Components/ili9341/ili9341.o
                0x00000000080017fe                ili9341_WriteReg
 .text.ili9341_WriteData
                0x0000000008001818       0x1a ./Drivers/BSP/Components/ili9341/ili9341.o
                0x0000000008001818                ili9341_WriteData
 .text.ili9341_ReadData
                0x0000000008001832       0x26 ./Drivers/BSP/Components/ili9341/ili9341.o
                0x0000000008001832                ili9341_ReadData
 .text.ili9341_GetLcdPixelWidth
                0x0000000008001858       0x10 ./Drivers/BSP/Components/ili9341/ili9341.o
                0x0000000008001858                ili9341_GetLcdPixelWidth
 .text.ili9341_GetLcdPixelHeight
                0x0000000008001868       0x12 ./Drivers/BSP/Components/ili9341/ili9341.o
                0x0000000008001868                ili9341_GetLcdPixelHeight
 .text.L3GD20_Init
                0x000000000800187a       0x46 ./Drivers/BSP/Components/l3gd20/l3gd20.o
                0x000000000800187a                L3GD20_Init
 .text.L3GD20_DeInit
                0x00000000080018c0        0xe ./Drivers/BSP/Components/l3gd20/l3gd20.o
                0x00000000080018c0                L3GD20_DeInit
 .text.L3GD20_ReadID
                0x00000000080018ce       0x20 ./Drivers/BSP/Components/l3gd20/l3gd20.o
                0x00000000080018ce                L3GD20_ReadID
 .text.L3GD20_RebootCmd
                0x00000000080018ee       0x30 ./Drivers/BSP/Components/l3gd20/l3gd20.o
                0x00000000080018ee                L3GD20_RebootCmd
 .text.L3GD20_LowPower
                0x000000000800191e       0x2a ./Drivers/BSP/Components/l3gd20/l3gd20.o
                0x000000000800191e                L3GD20_LowPower
 .text.L3GD20_INT1InterruptConfig
                0x0000000008001948       0x86 ./Drivers/BSP/Components/l3gd20/l3gd20.o
                0x0000000008001948                L3GD20_INT1InterruptConfig
 .text.L3GD20_EnableIT
                0x00000000080019ce       0x64 ./Drivers/BSP/Components/l3gd20/l3gd20.o
                0x00000000080019ce                L3GD20_EnableIT
 .text.L3GD20_DisableIT
                0x0000000008001a32       0x58 ./Drivers/BSP/Components/l3gd20/l3gd20.o
                0x0000000008001a32                L3GD20_DisableIT
 .text.L3GD20_FilterConfig
                0x0000000008001a8a       0x42 ./Drivers/BSP/Components/l3gd20/l3gd20.o
                0x0000000008001a8a                L3GD20_FilterConfig
 .text.L3GD20_FilterCmd
                0x0000000008001acc       0x42 ./Drivers/BSP/Components/l3gd20/l3gd20.o
                0x0000000008001acc                L3GD20_FilterCmd
 *fill*         0x0000000008001b0e        0x2 
 .text.L3GD20_ReadXYZAngRate
                0x0000000008001b10      0x17c ./Drivers/BSP/Components/l3gd20/l3gd20.o
                0x0000000008001b10                L3GD20_ReadXYZAngRate
 .text.SPIx_Init
                0x0000000008001c8c       0x74 ./Drivers/BSP/STM32F429I-Discovery/stm32f429i_discovery.o
 .text.SPIx_Read
                0x0000000008001d00       0x40 ./Drivers/BSP/STM32F429I-Discovery/stm32f429i_discovery.o
 .text.SPIx_Write
                0x0000000008001d40       0x3c ./Drivers/BSP/STM32F429I-Discovery/stm32f429i_discovery.o
 .text.SPIx_WriteRead
                0x0000000008001d7c       0x40 ./Drivers/BSP/STM32F429I-Discovery/stm32f429i_discovery.o
 .text.SPIx_Error
                0x0000000008001dbc       0x18 ./Drivers/BSP/STM32F429I-Discovery/stm32f429i_discovery.o
 .text.SPIx_MspInit
                0x0000000008001dd4       0x74 ./Drivers/BSP/STM32F429I-Discovery/stm32f429i_discovery.o
 .text.LCD_IO_Init
                0x0000000008001e48       0xf0 ./Drivers/BSP/STM32F429I-Discovery/stm32f429i_discovery.o
                0x0000000008001e48                LCD_IO_Init
 .text.LCD_IO_WriteData
                0x0000000008001f38       0x44 ./Drivers/BSP/STM32F429I-Discovery/stm32f429i_discovery.o
                0x0000000008001f38                LCD_IO_WriteData
 .text.LCD_IO_WriteReg
                0x0000000008001f7c       0x44 ./Drivers/BSP/STM32F429I-Discovery/stm32f429i_discovery.o
                0x0000000008001f7c                LCD_IO_WriteReg
 .text.LCD_IO_ReadData
                0x0000000008001fc0       0x64 ./Drivers/BSP/STM32F429I-Discovery/stm32f429i_discovery.o
                0x0000000008001fc0                LCD_IO_ReadData
 .text.LCD_Delay
                0x0000000008002024       0x16 ./Drivers/BSP/STM32F429I-Discovery/stm32f429i_discovery.o
                0x0000000008002024                LCD_Delay
 *fill*         0x000000000800203a        0x2 
 .text.GYRO_IO_Init
                0x000000000800203c       0x98 ./Drivers/BSP/STM32F429I-Discovery/stm32f429i_discovery.o
                0x000000000800203c                GYRO_IO_Init
 .text.GYRO_IO_Write
                0x00000000080020d4       0x64 ./Drivers/BSP/STM32F429I-Discovery/stm32f429i_discovery.o
                0x00000000080020d4                GYRO_IO_Write
 .text.GYRO_IO_Read
                0x0000000008002138       0x74 ./Drivers/BSP/STM32F429I-Discovery/stm32f429i_discovery.o
                0x0000000008002138                GYRO_IO_Read
 .text.BSP_GYRO_Init
                0x00000000080021ac       0xcc ./Drivers/BSP/STM32F429I-Discovery/stm32f429i_discovery_gyroscope.o
                0x00000000080021ac                BSP_GYRO_Init
 .text.BSP_LCD_Init
                0x0000000008002278       0xd4 ./Drivers/BSP/STM32F429I-Discovery/stm32f429i_discovery_lcd.o
                0x0000000008002278                BSP_LCD_Init
 .text.BSP_LCD_GetXSize
                0x000000000800234c       0x18 ./Drivers/BSP/STM32F429I-Discovery/stm32f429i_discovery_lcd.o
                0x000000000800234c                BSP_LCD_GetXSize
 .text.BSP_LCD_GetYSize
                0x0000000008002364       0x18 ./Drivers/BSP/STM32F429I-Discovery/stm32f429i_discovery_lcd.o
                0x0000000008002364                BSP_LCD_GetYSize
 .text.BSP_LCD_LayerDefaultInit
                0x000000000800237c       0xc8 ./Drivers/BSP/STM32F429I-Discovery/stm32f429i_discovery_lcd.o
                0x000000000800237c                BSP_LCD_LayerDefaultInit
 .text.BSP_LCD_SelectLayer
                0x0000000008002444       0x20 ./Drivers/BSP/STM32F429I-Discovery/stm32f429i_discovery_lcd.o
                0x0000000008002444                BSP_LCD_SelectLayer
 .text.BSP_LCD_SetTextColor
                0x0000000008002464       0x30 ./Drivers/BSP/STM32F429I-Discovery/stm32f429i_discovery_lcd.o
                0x0000000008002464                BSP_LCD_SetTextColor
 .text.BSP_LCD_SetBackColor
                0x0000000008002494       0x34 ./Drivers/BSP/STM32F429I-Discovery/stm32f429i_discovery_lcd.o
                0x0000000008002494                BSP_LCD_SetBackColor
 .text.BSP_LCD_SetFont
                0x00000000080024c8       0x34 ./Drivers/BSP/STM32F429I-Discovery/stm32f429i_discovery_lcd.o
                0x00000000080024c8                BSP_LCD_SetFont
 .text.BSP_LCD_GetFont
                0x00000000080024fc       0x2c ./Drivers/BSP/STM32F429I-Discovery/stm32f429i_discovery_lcd.o
                0x00000000080024fc                BSP_LCD_GetFont
 .text.BSP_LCD_Clear
                0x0000000008002528       0x50 ./Drivers/BSP/STM32F429I-Discovery/stm32f429i_discovery_lcd.o
                0x0000000008002528                BSP_LCD_Clear
 .text.BSP_LCD_DisplayChar
                0x0000000008002578       0x88 ./Drivers/BSP/STM32F429I-Discovery/stm32f429i_discovery_lcd.o
                0x0000000008002578                BSP_LCD_DisplayChar
 .text.BSP_LCD_DisplayStringAt
                0x0000000008002600      0x17c ./Drivers/BSP/STM32F429I-Discovery/stm32f429i_discovery_lcd.o
                0x0000000008002600                BSP_LCD_DisplayStringAt
 .text.BSP_LCD_DisplayStringAtLine
                0x000000000800277c       0x2e ./Drivers/BSP/STM32F429I-Discovery/stm32f429i_discovery_lcd.o
                0x000000000800277c                BSP_LCD_DisplayStringAtLine
 *fill*         0x00000000080027aa        0x2 
 .text.BSP_LCD_DisplayOn
                0x00000000080027ac       0x20 ./Drivers/BSP/STM32F429I-Discovery/stm32f429i_discovery_lcd.o
                0x00000000080027ac                BSP_LCD_DisplayOn
 .text.BSP_LCD_MspInit
                0x00000000080027cc      0x1ac ./Drivers/BSP/STM32F429I-Discovery/stm32f429i_discovery_lcd.o
                0x00000000080027cc                BSP_LCD_MspInit
 .text.BSP_LCD_DrawPixel
                0x0000000008002978       0x4c ./Drivers/BSP/STM32F429I-Discovery/stm32f429i_discovery_lcd.o
                0x0000000008002978                BSP_LCD_DrawPixel
 .text.DrawChar
                0x00000000080029c4      0x174 ./Drivers/BSP/STM32F429I-Discovery/stm32f429i_discovery_lcd.o
 .text.FillBuffer
                0x0000000008002b38       0x70 ./Drivers/BSP/STM32F429I-Discovery/stm32f429i_discovery_lcd.o
 .text.BSP_SDRAM_Init
                0x0000000008002ba8       0xbc ./Drivers/BSP/STM32F429I-Discovery/stm32f429i_discovery_sdram.o
                0x0000000008002ba8                BSP_SDRAM_Init
 .text.BSP_SDRAM_Initialization_sequence
                0x0000000008002c64       0xc0 ./Drivers/BSP/STM32F429I-Discovery/stm32f429i_discovery_sdram.o
                0x0000000008002c64                BSP_SDRAM_Initialization_sequence
 .text.BSP_SDRAM_MspInit
                0x0000000008002d24      0x218 ./Drivers/BSP/STM32F429I-Discovery/stm32f429i_discovery_sdram.o
                0x0000000008002d24                BSP_SDRAM_MspInit
 .text.HAL_Init
                0x0000000008002f3c       0x44 ./Drivers/STM32F4xx_HAL_Driver/stm32f4xx_hal.o
                0x0000000008002f3c                HAL_Init
 .text.HAL_InitTick
                0x0000000008002f80       0x60 ./Drivers/STM32F4xx_HAL_Driver/stm32f4xx_hal.o
                0x0000000008002f80                HAL_InitTick
 .text.HAL_IncTick
                0x0000000008002fe0       0x28 ./Drivers/STM32F4xx_HAL_Driver/stm32f4xx_hal.o
                0x0000000008002fe0                HAL_IncTick
 .text.HAL_GetTick
                0x0000000008003008       0x18 ./Drivers/STM32F4xx_HAL_Driver/stm32f4xx_hal.o
                0x0000000008003008                HAL_GetTick
 .text.HAL_Delay
                0x0000000008003020       0x48 ./Drivers/STM32F4xx_HAL_Driver/stm32f4xx_hal.o
                0x0000000008003020                HAL_Delay
 .text.__NVIC_SetPriorityGrouping
                0x0000000008003068       0x48 ./Drivers/STM32F4xx_HAL_Driver/stm32f4xx_hal_cortex.o
 .text.__NVIC_GetPriorityGrouping
                0x00000000080030b0       0x1c ./Drivers/STM32F4xx_HAL_Driver/stm32f4xx_hal_cortex.o
 .text.__NVIC_EnableIRQ
                0x00000000080030cc       0x3c ./Drivers/STM32F4xx_HAL_Driver/stm32f4xx_hal_cortex.o
 .text.__NVIC_SetPriority
                0x0000000008003108       0x54 ./Drivers/STM32F4xx_HAL_Driver/stm32f4xx_hal_cortex.o
 .text.NVIC_EncodePriority
                0x000000000800315c       0x66 ./Drivers/STM32F4xx_HAL_Driver/stm32f4xx_hal_cortex.o
 *fill*         0x00000000080031c2        0x2 
 .text.SysTick_Config
                0x00000000080031c4       0x44 ./Drivers/STM32F4xx_HAL_Driver/stm32f4xx_hal_cortex.o
 .text.HAL_NVIC_SetPriorityGrouping
                0x0000000008003208       0x16 ./Drivers/STM32F4xx_HAL_Driver/stm32f4xx_hal_cortex.o
                0x0000000008003208                HAL_NVIC_SetPriorityGrouping
 .text.HAL_NVIC_SetPriority
                0x000000000800321e       0x38 ./Drivers/STM32F4xx_HAL_Driver/stm32f4xx_hal_cortex.o
                0x000000000800321e                HAL_NVIC_SetPriority
 .text.HAL_NVIC_EnableIRQ
                0x0000000008003256       0x1c ./Drivers/STM32F4xx_HAL_Driver/stm32f4xx_hal_cortex.o
                0x0000000008003256                HAL_NVIC_EnableIRQ
 .text.HAL_SYSTICK_Config
                0x0000000008003272       0x18 ./Drivers/STM32F4xx_HAL_Driver/stm32f4xx_hal_cortex.o
                0x0000000008003272                HAL_SYSTICK_Config
 *fill*         0x000000000800328a        0x2 
 .text.HAL_DMA_Init
                0x000000000800328c      0x15c ./Drivers/STM32F4xx_HAL_Driver/stm32f4xx_hal_dma.o
                0x000000000800328c                HAL_DMA_Init
 .text.HAL_DMA_DeInit
                0x00000000080033e8       0xbc ./Drivers/STM32F4xx_HAL_Driver/stm32f4xx_hal_dma.o
                0x00000000080033e8                HAL_DMA_DeInit
 .text.DMA_CalcBaseAndBitshift
                0x00000000080034a4       0x6c ./Drivers/STM32F4xx_HAL_Driver/stm32f4xx_hal_dma.o
 .text.DMA_CheckFifoParam
                0x0000000008003510       0xf8 ./Drivers/STM32F4xx_HAL_Driver/stm32f4xx_hal_dma.o
 .text.HAL_DMA2D_Init
                0x0000000008003608       0x92 ./Drivers/STM32F4xx_HAL_Driver/stm32f4xx_hal_dma2d.o
                0x0000000008003608                HAL_DMA2D_Init
 .text.HAL_DMA2D_MspInit
                0x000000000800369a       0x14 ./Drivers/STM32F4xx_HAL_Driver/stm32f4xx_hal_dma2d.o
                0x000000000800369a                HAL_DMA2D_MspInit
 .text.HAL_DMA2D_Start
                0x00000000080036ae       0x56 ./Drivers/STM32F4xx_HAL_Driver/stm32f4xx_hal_dma2d.o
                0x00000000080036ae                HAL_DMA2D_Start
 .text.HAL_DMA2D_PollForTransfer
                0x0000000008003704      0x1d2 ./Drivers/STM32F4xx_HAL_Driver/stm32f4xx_hal_dma2d.o
                0x0000000008003704                HAL_DMA2D_PollForTransfer
 *fill*         0x00000000080038d6        0x2 
 .text.HAL_DMA2D_ConfigLayer
                0x00000000080038d8      0x124 ./Drivers/STM32F4xx_HAL_Driver/stm32f4xx_hal_dma2d.o
                0x00000000080038d8                HAL_DMA2D_ConfigLayer
 .text.DMA2D_SetConfig
                0x00000000080039fc      0x138 ./Drivers/STM32F4xx_HAL_Driver/stm32f4xx_hal_dma2d.o
 .text.HAL_GPIO_Init
                0x0000000008003b34      0x358 ./Drivers/STM32F4xx_HAL_Driver/stm32f4xx_hal_gpio.o
                0x0000000008003b34                HAL_GPIO_Init
 .text.HAL_GPIO_WritePin
                0x0000000008003e8c       0x32 ./Drivers/STM32F4xx_HAL_Driver/stm32f4xx_hal_gpio.o
                0x0000000008003e8c                HAL_GPIO_WritePin
 *fill*         0x0000000008003ebe        0x2 
 .text.HAL_LTDC_Init
                0x0000000008003ec0      0x1a0 ./Drivers/STM32F4xx_HAL_Driver/stm32f4xx_hal_ltdc.o
                0x0000000008003ec0                HAL_LTDC_Init
 .text.HAL_LTDC_MspInit
                0x0000000008004060       0x14 ./Drivers/STM32F4xx_HAL_Driver/stm32f4xx_hal_ltdc.o
                0x0000000008004060                HAL_LTDC_MspInit
 .text.HAL_LTDC_ConfigLayer
                0x0000000008004074       0x7c ./Drivers/STM32F4xx_HAL_Driver/stm32f4xx_hal_ltdc.o
                0x0000000008004074                HAL_LTDC_ConfigLayer
 .text.HAL_LTDC_EnableDither
                0x00000000080040f0       0x54 ./Drivers/STM32F4xx_HAL_Driver/stm32f4xx_hal_ltdc.o
                0x00000000080040f0                HAL_LTDC_EnableDither
 .text.LTDC_SetConfig
                0x0000000008004144      0x32e ./Drivers/STM32F4xx_HAL_Driver/stm32f4xx_hal_ltdc.o
 .text.HAL_PCD_Init
                0x0000000008004472      0x23a ./Drivers/STM32F4xx_HAL_Driver/stm32f4xx_hal_pcd.o
                0x0000000008004472                HAL_PCD_Init
 .text.HAL_PCD_Start
                0x00000000080046ac       0x66 ./Drivers/STM32F4xx_HAL_Driver/stm32f4xx_hal_pcd.o
                0x00000000080046ac                HAL_PCD_Start
 .text.HAL_PCD_IRQHandler
                0x0000000008004712      0x93e ./Drivers/STM32F4xx_HAL_Driver/stm32f4xx_hal_pcd.o
                0x0000000008004712                HAL_PCD_IRQHandler
 .text.HAL_PCD_SetAddress
                0x0000000008005050       0x4a ./Drivers/STM32F4xx_HAL_Driver/stm32f4xx_hal_pcd.o
                0x0000000008005050                HAL_PCD_SetAddress
 .text.HAL_PCD_EP_Open
                0x000000000800509a       0xd0 ./Drivers/STM32F4xx_HAL_Driver/stm32f4xx_hal_pcd.o
                0x000000000800509a                HAL_PCD_EP_Open
 .text.HAL_PCD_EP_Close
                0x000000000800516a       0x94 ./Drivers/STM32F4xx_HAL_Driver/stm32f4xx_hal_pcd.o
                0x000000000800516a                HAL_PCD_EP_Close
 .text.HAL_PCD_EP_Receive
                0x00000000080051fe       0x96 ./Drivers/STM32F4xx_HAL_Driver/stm32f4xx_hal_pcd.o
                0x00000000080051fe                HAL_PCD_EP_Receive
 .text.HAL_PCD_EP_GetRxCount
                0x0000000008005294       0x30 ./Drivers/STM32F4xx_HAL_Driver/stm32f4xx_hal_pcd.o
                0x0000000008005294                HAL_PCD_EP_GetRxCount
 .text.HAL_PCD_EP_Transmit
                0x00000000080052c4       0x94 ./Drivers/STM32F4xx_HAL_Driver/stm32f4xx_hal_pcd.o
                0x00000000080052c4                HAL_PCD_EP_Transmit
 .text.HAL_PCD_EP_SetStall
                0x0000000008005358       0xc8 ./Drivers/STM32F4xx_HAL_Driver/stm32f4xx_hal_pcd.o
                0x0000000008005358                HAL_PCD_EP_SetStall
 .text.HAL_PCD_EP_ClrStall
                0x0000000008005420       0xac ./Drivers/STM32F4xx_HAL_Driver/stm32f4xx_hal_pcd.o
                0x0000000008005420                HAL_PCD_EP_ClrStall
 .text.HAL_PCD_EP_Abort
                0x00000000080054cc       0x62 ./Drivers/STM32F4xx_HAL_Driver/stm32f4xx_hal_pcd.o
                0x00000000080054cc                HAL_PCD_EP_Abort
 .text.PCD_WriteEmptyTxFifo
                0x000000000800552e      0x11a ./Drivers/STM32F4xx_HAL_Driver/stm32f4xx_hal_pcd.o
 .text.PCD_EP_OutXfrComplete_int
                0x0000000008005648      0x1d0 ./Drivers/STM32F4xx_HAL_Driver/stm32f4xx_hal_pcd.o
 .text.PCD_EP_OutSetupPacket_int
                0x0000000008005818       0x8c ./Drivers/STM32F4xx_HAL_Driver/stm32f4xx_hal_pcd.o
 .text.HAL_PCDEx_SetTxFiFo
                0x00000000080058a4       0x8e ./Drivers/STM32F4xx_HAL_Driver/stm32f4xx_hal_pcd_ex.o
                0x00000000080058a4                HAL_PCDEx_SetTxFiFo
 .text.HAL_PCDEx_SetRxFiFo
                0x0000000008005932       0x22 ./Drivers/STM32F4xx_HAL_Driver/stm32f4xx_hal_pcd_ex.o
                0x0000000008005932                HAL_PCDEx_SetRxFiFo
 .text.HAL_PCDEx_LPM_Callback
                0x0000000008005954       0x18 ./Drivers/STM32F4xx_HAL_Driver/stm32f4xx_hal_pcd_ex.o
                0x0000000008005954                HAL_PCDEx_LPM_Callback
 .text.HAL_RCC_OscConfig
                0x000000000800596c      0x4f0 ./Drivers/STM32F4xx_HAL_Driver/stm32f4xx_hal_rcc.o
                0x000000000800596c                HAL_RCC_OscConfig
 .text.HAL_RCC_ClockConfig
                0x0000000008005e5c      0x1cc ./Drivers/STM32F4xx_HAL_Driver/stm32f4xx_hal_rcc.o
                0x0000000008005e5c                HAL_RCC_ClockConfig
 .text.HAL_RCC_GetSysClockFreq
                0x0000000008006028      0x20c ./Drivers/STM32F4xx_HAL_Driver/stm32f4xx_hal_rcc.o
                0x0000000008006028                HAL_RCC_GetSysClockFreq
 .text.HAL_RCC_GetHCLKFreq
                0x0000000008006234       0x18 ./Drivers/STM32F4xx_HAL_Driver/stm32f4xx_hal_rcc.o
                0x0000000008006234                HAL_RCC_GetHCLKFreq
 .text.HAL_RCCEx_PeriphCLKConfig
                0x000000000800624c      0x380 ./Drivers/STM32F4xx_HAL_Driver/stm32f4xx_hal_rcc_ex.o
                0x000000000800624c                HAL_RCCEx_PeriphCLKConfig
 .text.HAL_SDRAM_Init
                0x00000000080065cc       0x68 ./Drivers/STM32F4xx_HAL_Driver/stm32f4xx_hal_sdram.o
                0x00000000080065cc                HAL_SDRAM_Init
 .text.HAL_SDRAM_MspInit
                0x0000000008006634       0x14 ./Drivers/STM32F4xx_HAL_Driver/stm32f4xx_hal_sdram.o
                0x0000000008006634                HAL_SDRAM_MspInit
 .text.HAL_SDRAM_SendCommand
                0x0000000008006648       0x6a ./Drivers/STM32F4xx_HAL_Driver/stm32f4xx_hal_sdram.o
                0x0000000008006648                HAL_SDRAM_SendCommand
 .text.HAL_SDRAM_ProgramRefreshRate
                0x00000000080066b2       0x50 ./Drivers/STM32F4xx_HAL_Driver/stm32f4xx_hal_sdram.o
                0x00000000080066b2                HAL_SDRAM_ProgramRefreshRate
 .text.HAL_SPI_Init
                0x0000000008006702      0x112 ./Drivers/STM32F4xx_HAL_Driver/stm32f4xx_hal_spi.o
                0x0000000008006702                HAL_SPI_Init
 .text.HAL_SPI_DeInit
                0x0000000008006814       0x50 ./Drivers/STM32F4xx_HAL_Driver/stm32f4xx_hal_spi.o
                0x0000000008006814                HAL_SPI_DeInit
 .text.HAL_SPI_MspInit
                0x0000000008006864       0x14 ./Drivers/STM32F4xx_HAL_Driver/stm32f4xx_hal_spi.o
                0x0000000008006864                HAL_SPI_MspInit
 .text.HAL_SPI_MspDeInit
                0x0000000008006878       0x14 ./Drivers/STM32F4xx_HAL_Driver/stm32f4xx_hal_spi.o
                0x0000000008006878                HAL_SPI_MspDeInit
 .text.HAL_SPI_Transmit
                0x000000000800688c      0x278 ./Drivers/STM32F4xx_HAL_Driver/stm32f4xx_hal_spi.o
                0x000000000800688c                HAL_SPI_Transmit
 .text.HAL_SPI_Receive
                0x0000000008006b04      0x222 ./Drivers/STM32F4xx_HAL_Driver/stm32f4xx_hal_spi.o
                0x0000000008006b04                HAL_SPI_Receive
 .text.HAL_SPI_TransmitReceive
                0x0000000008006d26      0x344 ./Drivers/STM32F4xx_HAL_Driver/stm32f4xx_hal_spi.o
                0x0000000008006d26                HAL_SPI_TransmitReceive
 .text.HAL_SPI_GetState
                0x000000000800706a       0x1c ./Drivers/STM32F4xx_HAL_Driver/stm32f4xx_hal_spi.o
                0x000000000800706a                HAL_SPI_GetState
 *fill*         0x0000000008007086        0x2 
 .text.SPI_WaitFlagStateUntilTimeout
                0x0000000008007088      0x110 ./Drivers/STM32F4xx_HAL_Driver/stm32f4xx_hal_spi.o
 .text.SPI_EndRxTransaction
                0x0000000008007198       0xca ./Drivers/STM32F4xx_HAL_Driver/stm32f4xx_hal_spi.o
 *fill*         0x0000000008007262        0x2 
 .text.SPI_EndRxTxTransaction
                0x0000000008007264       0x84 ./Drivers/STM32F4xx_HAL_Driver/stm32f4xx_hal_spi.o
 .text.FMC_SDRAM_Init
                0x00000000080072e8       0xba ./Drivers/STM32F4xx_HAL_Driver/stm32f4xx_ll_fmc.o
                0x00000000080072e8                FMC_SDRAM_Init
 .text.FMC_SDRAM_Timing_Init
                0x00000000080073a2       0xd2 ./Drivers/STM32F4xx_HAL_Driver/stm32f4xx_ll_fmc.o
                0x00000000080073a2                FMC_SDRAM_Timing_Init
 .text.FMC_SDRAM_SendCommand
                0x0000000008007474       0x7a ./Drivers/STM32F4xx_HAL_Driver/stm32f4xx_ll_fmc.o
                0x0000000008007474                FMC_SDRAM_SendCommand
 .text.FMC_SDRAM_ProgramRefreshRate
                0x00000000080074ee       0x2e ./Drivers/STM32F4xx_HAL_Driver/stm32f4xx_ll_fmc.o
                0x00000000080074ee                FMC_SDRAM_ProgramRefreshRate
 .text.USB_CoreInit
                0x000000000800751c       0xc2 ./Drivers/STM32F4xx_HAL_Driver/stm32f4xx_ll_usb.o
                0x000000000800751c                USB_CoreInit
 *fill*         0x00000000080075de        0x2 
 .text.USB_SetTurnaroundTime
                0x00000000080075e0      0x144 ./Drivers/STM32F4xx_HAL_Driver/stm32f4xx_ll_usb.o
                0x00000000080075e0                USB_SetTurnaroundTime
 .text.USB_EnableGlobalInt
                0x0000000008007724       0x22 ./Drivers/STM32F4xx_HAL_Driver/stm32f4xx_ll_usb.o
                0x0000000008007724                USB_EnableGlobalInt
 .text.USB_DisableGlobalInt
                0x0000000008007746       0x22 ./Drivers/STM32F4xx_HAL_Driver/stm32f4xx_ll_usb.o
                0x0000000008007746                USB_DisableGlobalInt
 .text.USB_SetCurrentMode
                0x0000000008007768       0x98 ./Drivers/STM32F4xx_HAL_Driver/stm32f4xx_ll_usb.o
                0x0000000008007768                USB_SetCurrentMode
 .text.USB_DevInit
                0x0000000008007800      0x2c8 ./Drivers/STM32F4xx_HAL_Driver/stm32f4xx_ll_usb.o
                0x0000000008007800                USB_DevInit
 .text.USB_FlushTxFifo
                0x0000000008007ac8       0x68 ./Drivers/STM32F4xx_HAL_Driver/stm32f4xx_ll_usb.o
                0x0000000008007ac8                USB_FlushTxFifo
 .text.USB_FlushRxFifo
                0x0000000008007b30       0x60 ./Drivers/STM32F4xx_HAL_Driver/stm32f4xx_ll_usb.o
                0x0000000008007b30                USB_FlushRxFifo
 .text.USB_SetDevSpeed
                0x0000000008007b90       0x32 ./Drivers/STM32F4xx_HAL_Driver/stm32f4xx_ll_usb.o
                0x0000000008007b90                USB_SetDevSpeed
 .text.USB_GetDevSpeed
                0x0000000008007bc2       0x4a ./Drivers/STM32F4xx_HAL_Driver/stm32f4xx_ll_usb.o
                0x0000000008007bc2                USB_GetDevSpeed
 .text.USB_ActivateEndpoint
                0x0000000008007c0c      0x10e ./Drivers/STM32F4xx_HAL_Driver/stm32f4xx_ll_usb.o
                0x0000000008007c0c                USB_ActivateEndpoint
 *fill*         0x0000000008007d1a        0x2 
 .text.USB_DeactivateEndpoint
                0x0000000008007d1c      0x1b8 ./Drivers/STM32F4xx_HAL_Driver/stm32f4xx_ll_usb.o
                0x0000000008007d1c                USB_DeactivateEndpoint
 .text.USB_EPStartXfer
                0x0000000008007ed4      0x490 ./Drivers/STM32F4xx_HAL_Driver/stm32f4xx_ll_usb.o
                0x0000000008007ed4                USB_EPStartXfer
 .text.USB_EP0StartXfer
                0x0000000008008364      0x2b0 ./Drivers/STM32F4xx_HAL_Driver/stm32f4xx_ll_usb.o
                0x0000000008008364                USB_EP0StartXfer
 .text.USB_EPStopXfer
                0x0000000008008614      0x154 ./Drivers/STM32F4xx_HAL_Driver/stm32f4xx_ll_usb.o
                0x0000000008008614                USB_EPStopXfer
 .text.USB_WritePacket
                0x0000000008008768       0x7c ./Drivers/STM32F4xx_HAL_Driver/stm32f4xx_ll_usb.o
                0x0000000008008768                USB_WritePacket
 .text.USB_ReadPacket
                0x00000000080087e4       0xb0 ./Drivers/STM32F4xx_HAL_Driver/stm32f4xx_ll_usb.o
                0x00000000080087e4                USB_ReadPacket
 .text.USB_EPSetStall
                0x0000000008008894       0xdc ./Drivers/STM32F4xx_HAL_Driver/stm32f4xx_ll_usb.o
                0x0000000008008894                USB_EPSetStall
 .text.USB_EPClearStall
                0x0000000008008970       0xcc ./Drivers/STM32F4xx_HAL_Driver/stm32f4xx_ll_usb.o
                0x0000000008008970                USB_EPClearStall
 .text.USB_SetDevAddress
                0x0000000008008a3c       0x4c ./Drivers/STM32F4xx_HAL_Driver/stm32f4xx_ll_usb.o
                0x0000000008008a3c                USB_SetDevAddress
 .text.USB_DevConnect
                0x0000000008008a88       0x42 ./Drivers/STM32F4xx_HAL_Driver/stm32f4xx_ll_usb.o
                0x0000000008008a88                USB_DevConnect
 .text.USB_DevDisconnect
                0x0000000008008aca       0x42 ./Drivers/STM32F4xx_HAL_Driver/stm32f4xx_ll_usb.o
                0x0000000008008aca                USB_DevDisconnect
 .text.USB_ReadInterrupts
                0x0000000008008b0c       0x26 ./Drivers/STM32F4xx_HAL_Driver/stm32f4xx_ll_usb.o
                0x0000000008008b0c                USB_ReadInterrupts
 .text.USB_ReadDevAllOutEpInterrupt
                0x0000000008008b32       0x34 ./Drivers/STM32F4xx_HAL_Driver/stm32f4xx_ll_usb.o
                0x0000000008008b32                USB_ReadDevAllOutEpInterrupt
 .text.USB_ReadDevAllInEpInterrupt
                0x0000000008008b66       0x34 ./Drivers/STM32F4xx_HAL_Driver/stm32f4xx_ll_usb.o
                0x0000000008008b66                USB_ReadDevAllInEpInterrupt
 .text.USB_ReadDevOutEPInterrupt
                0x0000000008008b9a       0x3c ./Drivers/STM32F4xx_HAL_Driver/stm32f4xx_ll_usb.o
                0x0000000008008b9a                USB_ReadDevOutEPInterrupt
 .text.USB_ReadDevInEPInterrupt
                0x0000000008008bd6       0x5c ./Drivers/STM32F4xx_HAL_Driver/stm32f4xx_ll_usb.o
                0x0000000008008bd6                USB_ReadDevInEPInterrupt
 .text.USB_GetMode
                0x0000000008008c32       0x1c ./Drivers/STM32F4xx_HAL_Driver/stm32f4xx_ll_usb.o
                0x0000000008008c32                USB_GetMode
 .text.USB_ActivateSetup
                0x0000000008008c4e       0x46 ./Drivers/STM32F4xx_HAL_Driver/stm32f4xx_ll_usb.o
                0x0000000008008c4e                USB_ActivateSetup
 .text.USB_EP0_OutStart
                0x0000000008008c94       0xbc ./Drivers/STM32F4xx_HAL_Driver/stm32f4xx_ll_usb.o
                0x0000000008008c94                USB_EP0_OutStart
 .text.USB_CoreReset
                0x0000000008008d50       0x68 ./Drivers/STM32F4xx_HAL_Driver/stm32f4xx_ll_usb.o
 .text.USBD_CDC_Init
                0x0000000008008db8      0x1f0 ./Middlewares/USB_Device_Library/usbd_cdc.o
 .text.USBD_CDC_DeInit
                0x0000000008008fa8      0x104 ./Middlewares/USB_Device_Library/usbd_cdc.o
 .text.USBD_CDC_Setup
                0x00000000080090ac      0x1b8 ./Middlewares/USB_Device_Library/usbd_cdc.o
 .text.USBD_CDC_DataIn
                0x0000000008009264       0xfe ./Middlewares/USB_Device_Library/usbd_cdc.o
 .text.USBD_CDC_DataOut
                0x0000000008009362       0x70 ./Middlewares/USB_Device_Library/usbd_cdc.o
 .text.USBD_CDC_EP0_RxReady
                0x00000000080093d2       0x76 ./Middlewares/USB_Device_Library/usbd_cdc.o
 .text.USBD_CDC_GetFSCfgDesc
                0x0000000008009448       0x70 ./Middlewares/USB_Device_Library/usbd_cdc.o
 .text.USBD_CDC_GetHSCfgDesc
                0x00000000080094b8       0x70 ./Middlewares/USB_Device_Library/usbd_cdc.o
 .text.USBD_CDC_GetOtherSpeedCfgDesc
                0x0000000008009528       0x70 ./Middlewares/USB_Device_Library/usbd_cdc.o
 .text.USBD_CDC_GetDeviceQualifierDescriptor
                0x0000000008009598       0x20 ./Middlewares/USB_Device_Library/usbd_cdc.o
                0x0000000008009598                USBD_CDC_GetDeviceQualifierDescriptor
 .text.USBD_CDC_RegisterInterface
                0x00000000080095b8       0x34 ./Middlewares/USB_Device_Library/usbd_cdc.o
                0x00000000080095b8                USBD_CDC_RegisterInterface
 .text.USBD_CDC_SetTxBuffer
                0x00000000080095ec       0x44 ./Middlewares/USB_Device_Library/usbd_cdc.o
                0x00000000080095ec                USBD_CDC_SetTxBuffer
 .text.USBD_CDC_SetRxBuffer
                0x0000000008009630       0x3a ./Middlewares/USB_Device_Library/usbd_cdc.o
                0x0000000008009630                USBD_CDC_SetRxBuffer
 *fill*         0x000000000800966a        0x2 
 .text.USBD_CDC_TransmitPacket
                0x000000000800966c       0x8c ./Middlewares/USB_Device_Library/usbd_cdc.o
                0x000000000800966c                USBD_CDC_TransmitPacket
 .text.USBD_CDC_ReceivePacket
                0x00000000080096f8       0x6c ./Middlewares/USB_Device_Library/usbd_cdc.o
                0x00000000080096f8                USBD_CDC_ReceivePacket
 .text.USBD_Init
                0x0000000008009764       0x60 ./Middlewares/USB_Device_Library/usbd_core.o
                0x0000000008009764                USBD_Init
 .text.USBD_RegisterClass
                0x00000000080097c4       0x6c ./Middlewares/USB_Device_Library/usbd_core.o
                0x00000000080097c4                USBD_RegisterClass
 .text.USBD_Start
                0x0000000008009830       0x18 ./Middlewares/USB_Device_Library/usbd_core.o
                0x0000000008009830                USBD_Start
 .text.USBD_RunTestMode
                0x0000000008009848       0x16 ./Middlewares/USB_Device_Library/usbd_core.o
                0x0000000008009848                USBD_RunTestMode
 .text.USBD_SetClassConfig
                0x000000000800985e       0x38 ./Middlewares/USB_Device_Library/usbd_core.o
                0x000000000800985e                USBD_SetClassConfig
 .text.USBD_ClrClassConfig
                0x0000000008009896       0x34 ./Middlewares/USB_Device_Library/usbd_core.o
                0x0000000008009896                USBD_ClrClassConfig
 .text.USBD_LL_SetupStage
                0x00000000080098ca       0xaa ./Middlewares/USB_Device_Library/usbd_core.o
                0x00000000080098ca                USBD_LL_SetupStage
 .text.USBD_LL_DataOutStage
                0x0000000008009974      0x166 ./Middlewares/USB_Device_Library/usbd_core.o
                0x0000000008009974                USBD_LL_DataOutStage
 .text.USBD_LL_DataInStage
                0x0000000008009ada      0x164 ./Middlewares/USB_Device_Library/usbd_core.o
                0x0000000008009ada                USBD_LL_DataInStage
 .text.USBD_LL_Reset
                0x0000000008009c3e       0xa4 ./Middlewares/USB_Device_Library/usbd_core.o
                0x0000000008009c3e                USBD_LL_Reset
 .text.USBD_LL_SetSpeed
                0x0000000008009ce2       0x20 ./Middlewares/USB_Device_Library/usbd_core.o
                0x0000000008009ce2                USBD_LL_SetSpeed
 .text.USBD_LL_Suspend
                0x0000000008009d02       0x2c ./Middlewares/USB_Device_Library/usbd_core.o
                0x0000000008009d02                USBD_LL_Suspend
 .text.USBD_LL_Resume
                0x0000000008009d2e       0x30 ./Middlewares/USB_Device_Library/usbd_core.o
                0x0000000008009d2e                USBD_LL_Resume
 .text.USBD_LL_SOF
                0x0000000008009d5e       0x40 ./Middlewares/USB_Device_Library/usbd_core.o
                0x0000000008009d5e                USBD_LL_SOF
 .text.USBD_LL_IsoINIncomplete
                0x0000000008009d9e       0x64 ./Middlewares/USB_Device_Library/usbd_core.o
                0x0000000008009d9e                USBD_LL_IsoINIncomplete
 .text.USBD_LL_IsoOUTIncomplete
                0x0000000008009e02       0x64 ./Middlewares/USB_Device_Library/usbd_core.o
                0x0000000008009e02                USBD_LL_IsoOUTIncomplete
 .text.USBD_LL_DevConnected
                0x0000000008009e66       0x16 ./Middlewares/USB_Device_Library/usbd_core.o
                0x0000000008009e66                USBD_LL_DevConnected
 .text.USBD_LL_DevDisconnected
                0x0000000008009e7c       0x46 ./Middlewares/USB_Device_Library/usbd_core.o
                0x0000000008009e7c                USBD_LL_DevDisconnected
 .text.USBD_CoreFindIF
                0x0000000008009ec2       0x1a ./Middlewares/USB_Device_Library/usbd_core.o
                0x0000000008009ec2                USBD_CoreFindIF
 .text.USBD_CoreFindEP
                0x0000000008009edc       0x1a ./Middlewares/USB_Device_Library/usbd_core.o
                0x0000000008009edc                USBD_CoreFindEP
 .text.USBD_GetEpDesc
                0x0000000008009ef6       0x74 ./Middlewares/USB_Device_Library/usbd_core.o
                0x0000000008009ef6                USBD_GetEpDesc
 .text.USBD_GetNextDesc
                0x0000000008009f6a       0x3a ./Middlewares/USB_Device_Library/usbd_core.o
                0x0000000008009f6a                USBD_GetNextDesc
 .text.SWAPBYTE
                0x0000000008009fa4       0x3c ./Middlewares/USB_Device_Library/usbd_ctlreq.o
 .text.USBD_StdDevReq
                0x0000000008009fe0       0xe4 ./Middlewares/USB_Device_Library/usbd_ctlreq.o
                0x0000000008009fe0                USBD_StdDevReq
 .text.USBD_StdItfReq
                0x000000000800a0c4       0xd8 ./Middlewares/USB_Device_Library/usbd_ctlreq.o
                0x000000000800a0c4                USBD_StdItfReq
 .text.USBD_StdEPReq
                0x000000000800a19c      0x33a ./Middlewares/USB_Device_Library/usbd_ctlreq.o
                0x000000000800a19c                USBD_StdEPReq
 *fill*         0x000000000800a4d6        0x2 
 .text.USBD_GetDescriptor
                0x000000000800a4d8      0x2d4 ./Middlewares/USB_Device_Library/usbd_ctlreq.o
 .text.USBD_SetAddress
                0x000000000800a7ac       0x88 ./Middlewares/USB_Device_Library/usbd_ctlreq.o
 .text.USBD_SetConfig
                0x000000000800a834      0x154 ./Middlewares/USB_Device_Library/usbd_ctlreq.o
 .text.USBD_GetConfig
                0x000000000800a988       0x6c ./Middlewares/USB_Device_Library/usbd_ctlreq.o
 .text.USBD_GetStatus
                0x000000000800a9f4       0x68 ./Middlewares/USB_Device_Library/usbd_ctlreq.o
 .text.USBD_SetFeature
                0x000000000800aa5c       0x52 ./Middlewares/USB_Device_Library/usbd_ctlreq.o
 .text.USBD_ClrFeature
                0x000000000800aaae       0x44 ./Middlewares/USB_Device_Library/usbd_ctlreq.o
 .text.USBD_ParseSetupRequest
                0x000000000800aaf2       0x74 ./Middlewares/USB_Device_Library/usbd_ctlreq.o
                0x000000000800aaf2                USBD_ParseSetupRequest
 .text.USBD_CtlError
                0x000000000800ab66       0x22 ./Middlewares/USB_Device_Library/usbd_ctlreq.o
                0x000000000800ab66                USBD_CtlError
 .text.USBD_GetString
                0x000000000800ab88       0x8c ./Middlewares/USB_Device_Library/usbd_ctlreq.o
                0x000000000800ab88                USBD_GetString
 .text.USBD_GetLen
                0x000000000800ac14       0x34 ./Middlewares/USB_Device_Library/usbd_ctlreq.o
 .text.USBD_CtlSendData
                0x000000000800ac48       0x36 ./Middlewares/USB_Device_Library/usbd_ioreq.o
                0x000000000800ac48                USBD_CtlSendData
 .text.USBD_CtlContinueSendData
                0x000000000800ac7e       0x22 ./Middlewares/USB_Device_Library/usbd_ioreq.o
                0x000000000800ac7e                USBD_CtlContinueSendData
 .text.USBD_CtlPrepareRx
                0x000000000800aca0       0x3a ./Middlewares/USB_Device_Library/usbd_ioreq.o
                0x000000000800aca0                USBD_CtlPrepareRx
 .text.USBD_CtlContinueRx
                0x000000000800acda       0x22 ./Middlewares/USB_Device_Library/usbd_ioreq.o
                0x000000000800acda                USBD_CtlContinueRx
 .text.USBD_CtlSendStatus
                0x000000000800acfc       0x26 ./Middlewares/USB_Device_Library/usbd_ioreq.o
                0x000000000800acfc                USBD_CtlSendStatus
 .text.USBD_CtlReceiveStatus
                0x000000000800ad22       0x26 ./Middlewares/USB_Device_Library/usbd_ioreq.o
                0x000000000800ad22                USBD_CtlReceiveStatus
 .text.MX_USB_DEVICE_Init
                0x000000000800ad48       0x60 ./USB_DEVICE/App/usb_device.o
                0x000000000800ad48                MX_USB_DEVICE_Init
 .text.CDC_Init_HS
                0x000000000800ada8       0x28 ./USB_DEVICE/App/usbd_cdc_if.o
 .text.CDC_DeInit_HS
                0x000000000800add0       0x10 ./USB_DEVICE/App/usbd_cdc_if.o
 .text.CDC_Control_HS
                0x000000000800ade0       0xbc ./USB_DEVICE/App/usbd_cdc_if.o
 .text.CDC_Receive_HS
                0x000000000800ae9c       0x28 ./USB_DEVICE/App/usbd_cdc_if.o
 .text.CDC_Transmit_HS
                0x000000000800aec4       0x4c ./USB_DEVICE/App/usbd_cdc_if.o
                0x000000000800aec4                CDC_Transmit_HS
 .text.CDC_TransmitCplt_HS
                0x000000000800af10       0x22 ./USB_DEVICE/App/usbd_cdc_if.o
 *fill*         0x000000000800af32        0x2 
 .text.USBD_HS_DeviceDescriptor
                0x000000000800af34       0x24 ./USB_DEVICE/App/usbd_desc.o
                0x000000000800af34                USBD_HS_DeviceDescriptor
 .text.USBD_HS_LangIDStrDescriptor
                0x000000000800af58       0x24 ./USB_DEVICE/App/usbd_desc.o
                0x000000000800af58                USBD_HS_LangIDStrDescriptor
 .text.USBD_HS_ProductStrDescriptor
                0x000000000800af7c       0x3c ./USB_DEVICE/App/usbd_desc.o
                0x000000000800af7c                USBD_HS_ProductStrDescriptor
 .text.USBD_HS_ManufacturerStrDescriptor
                0x000000000800afb8       0x28 ./USB_DEVICE/App/usbd_desc.o
                0x000000000800afb8                USBD_HS_ManufacturerStrDescriptor
 .text.USBD_HS_SerialStrDescriptor
                0x000000000800afe0       0x24 ./USB_DEVICE/App/usbd_desc.o
                0x000000000800afe0                USBD_HS_SerialStrDescriptor
 .text.USBD_HS_ConfigStrDescriptor
                0x000000000800b004       0x3c ./USB_DEVICE/App/usbd_desc.o
                0x000000000800b004                USBD_HS_ConfigStrDescriptor
 .text.USBD_HS_InterfaceStrDescriptor
                0x000000000800b040       0x3c ./USB_DEVICE/App/usbd_desc.o
                0x000000000800b040                USBD_HS_InterfaceStrDescriptor
 .text.Get_SerialNum
                0x000000000800b07c       0x58 ./USB_DEVICE/App/usbd_desc.o
 .text.IntToUnicode
                0x000000000800b0d4       0x7e ./USB_DEVICE/App/usbd_desc.o
 *fill*         0x000000000800b152        0x2 
 .text.HAL_PCD_MspInit
                0x000000000800b154       0xa0 ./USB_DEVICE/Target/usbd_conf.o
                0x000000000800b154                HAL_PCD_MspInit
 .text.HAL_PCD_SetupStageCallback
                0x000000000800b1f4       0x24 ./USB_DEVICE/Target/usbd_conf.o
                0x000000000800b1f4                HAL_PCD_SetupStageCallback
 .text.HAL_PCD_DataOutStageCallback
                0x000000000800b218       0x36 ./USB_DEVICE/Target/usbd_conf.o
                0x000000000800b218                HAL_PCD_DataOutStageCallback
 .text.HAL_PCD_DataInStageCallback
                0x000000000800b24e       0x34 ./USB_DEVICE/Target/usbd_conf.o
                0x000000000800b24e                HAL_PCD_DataInStageCallback
 .text.HAL_PCD_SOFCallback
                0x000000000800b282       0x1c ./USB_DEVICE/Target/usbd_conf.o
                0x000000000800b282                HAL_PCD_SOFCallback
 .text.HAL_PCD_ResetCallback
                0x000000000800b29e       0x50 ./USB_DEVICE/Target/usbd_conf.o
                0x000000000800b29e                HAL_PCD_ResetCallback
 *fill*         0x000000000800b2ee        0x2 
 .text.HAL_PCD_SuspendCallback
                0x000000000800b2f0       0x4c ./USB_DEVICE/Target/usbd_conf.o
                0x000000000800b2f0                HAL_PCD_SuspendCallback
 .text.HAL_PCD_ResumeCallback
                0x000000000800b33c       0x1c ./USB_DEVICE/Target/usbd_conf.o
                0x000000000800b33c                HAL_PCD_ResumeCallback
 .text.HAL_PCD_ISOOUTIncompleteCallback
                0x000000000800b358       0x24 ./USB_DEVICE/Target/usbd_conf.o
                0x000000000800b358                HAL_PCD_ISOOUTIncompleteCallback
 .text.HAL_PCD_ISOINIncompleteCallback
                0x000000000800b37c       0x24 ./USB_DEVICE/Target/usbd_conf.o
                0x000000000800b37c                HAL_PCD_ISOINIncompleteCallback
 .text.HAL_PCD_ConnectCallback
                0x000000000800b3a0       0x1c ./USB_DEVICE/Target/usbd_conf.o
                0x000000000800b3a0                HAL_PCD_ConnectCallback
 .text.HAL_PCD_DisconnectCallback
                0x000000000800b3bc       0x1c ./USB_DEVICE/Target/usbd_conf.o
                0x000000000800b3bc                HAL_PCD_DisconnectCallback
 .text.USBD_LL_Init
                0x000000000800b3d8       0xa4 ./USB_DEVICE/Target/usbd_conf.o
                0x000000000800b3d8                USBD_LL_Init
 .text.USBD_LL_Start
                0x000000000800b47c       0x36 ./USB_DEVICE/Target/usbd_conf.o
                0x000000000800b47c                USBD_LL_Start
 .text.USBD_LL_OpenEP
                0x000000000800b4b2       0x4c ./USB_DEVICE/Target/usbd_conf.o
                0x000000000800b4b2                USBD_LL_OpenEP
 .text.USBD_LL_CloseEP
                0x000000000800b4fe       0x3e ./USB_DEVICE/Target/usbd_conf.o
                0x000000000800b4fe                USBD_LL_CloseEP
 .text.USBD_LL_StallEP
                0x000000000800b53c       0x3e ./USB_DEVICE/Target/usbd_conf.o
                0x000000000800b53c                USBD_LL_StallEP
 .text.USBD_LL_ClearStallEP
                0x000000000800b57a       0x3e ./USB_DEVICE/Target/usbd_conf.o
                0x000000000800b57a                USBD_LL_ClearStallEP
 .text.USBD_LL_IsStallEP
                0x000000000800b5b8       0x58 ./USB_DEVICE/Target/usbd_conf.o
                0x000000000800b5b8                USBD_LL_IsStallEP
 .text.USBD_LL_SetUSBAddress
                0x000000000800b610       0x3e ./USB_DEVICE/Target/usbd_conf.o
                0x000000000800b610                USBD_LL_SetUSBAddress
 .text.USBD_LL_Transmit
                0x000000000800b64e       0x42 ./USB_DEVICE/Target/usbd_conf.o
                0x000000000800b64e                USBD_LL_Transmit
 .text.USBD_LL_PrepareReceive
                0x000000000800b690       0x42 ./USB_DEVICE/Target/usbd_conf.o
                0x000000000800b690                USBD_LL_PrepareReceive
 .text.USBD_LL_GetRxDataSize
                0x000000000800b6d2       0x26 ./USB_DEVICE/Target/usbd_conf.o
                0x000000000800b6d2                USBD_LL_GetRxDataSize
 .text.USBD_static_malloc
                0x000000000800b6f8       0x1c ./USB_DEVICE/Target/usbd_conf.o
                0x000000000800b6f8                USBD_static_malloc
 .text.USBD_static_free
                0x000000000800b714       0x14 ./USB_DEVICE/Target/usbd_conf.o
                0x000000000800b714                USBD_static_free
 .text.USBD_Get_USB_Status
                0x000000000800b728       0x58 ./USB_DEVICE/Target/usbd_conf.o
                0x000000000800b728                USBD_Get_USB_Status
 .text.__errno  0x000000000800b780        0xc d:/app/stm32cubeide/stm32cubeide_1.10.1/stm32cubeide/plugins/com.st.stm32cube.ide.mcu.externaltools.gnu-tools-for-stm32.10.3-2021.10.win32_1.0.0.202111181127/tools/bin/../lib/gcc/arm-none-eabi/10.3.1/../../../../arm-none-eabi/lib/thumb/v7e-m+fp/hard\libc_nano.a(lib_a-errno.o)
                0x000000000800b780                __errno
 .text.__libc_init_array
                0x000000000800b78c       0x48 d:/app/stm32cubeide/stm32cubeide_1.10.1/stm32cubeide/plugins/com.st.stm32cube.ide.mcu.externaltools.gnu-tools-for-stm32.10.3-2021.10.win32_1.0.0.202111181127/tools/bin/../lib/gcc/arm-none-eabi/10.3.1/../../../../arm-none-eabi/lib/thumb/v7e-m+fp/hard\libc_nano.a(lib_a-init.o)
                0x000000000800b78c                __libc_init_array
 .text.memset   0x000000000800b7d4       0x10 d:/app/stm32cubeide/stm32cubeide_1.10.1/stm32cubeide/plugins/com.st.stm32cube.ide.mcu.externaltools.gnu-tools-for-stm32.10.3-2021.10.win32_1.0.0.202111181127/tools/bin/../lib/gcc/arm-none-eabi/10.3.1/../../../../arm-none-eabi/lib/thumb/v7e-m+fp/hard\libc_nano.a(lib_a-memset.o)
                0x000000000800b7d4                memset
 .text.__cvt    0x000000000800b7e4       0xc4 d:/app/stm32cubeide/stm32cubeide_1.10.1/stm32cubeide/plugins/com.st.stm32cube.ide.mcu.externaltools.gnu-tools-for-stm32.10.3-2021.10.win32_1.0.0.202111181127/tools/bin/../lib/gcc/arm-none-eabi/10.3.1/../../../../arm-none-eabi/lib/thumb/v7e-m+fp/hard\libc_nano.a(lib_a-nano-vfprintf_float.o)
                0x000000000800b7e4                __cvt
 .text.__exponent
                0x000000000800b8a8       0x7c d:/app/stm32cubeide/stm32cubeide_1.10.1/stm32cubeide/plugins/com.st.stm32cube.ide.mcu.externaltools.gnu-tools-for-stm32.10.3-2021.10.win32_1.0.0.202111181127/tools/bin/../lib/gcc/arm-none-eabi/10.3.1/../../../../arm-none-eabi/lib/thumb/v7e-m+fp/hard\libc_nano.a(lib_a-nano-vfprintf_float.o)
                0x000000000800b8a8                __exponent
 .text._printf_float
                0x000000000800b924      0x46c d:/app/stm32cubeide/stm32cubeide_1.10.1/stm32cubeide/plugins/com.st.stm32cube.ide.mcu.externaltools.gnu-tools-for-stm32.10.3-2021.10.win32_1.0.0.202111181127/tools/bin/../lib/gcc/arm-none-eabi/10.3.1/../../../../arm-none-eabi/lib/thumb/v7e-m+fp/hard\libc_nano.a(lib_a-nano-vfprintf_float.o)
                0x000000000800b924                _printf_float
 .text._printf_common
                0x000000000800bd90       0xda d:/app/stm32cubeide/stm32cubeide_1.10.1/stm32cubeide/plugins/com.st.stm32cube.ide.mcu.externaltools.gnu-tools-for-stm32.10.3-2021.10.win32_1.0.0.202111181127/tools/bin/../lib/gcc/arm-none-eabi/10.3.1/../../../../arm-none-eabi/lib/thumb/v7e-m+fp/hard\libc_nano.a(lib_a-nano-vfprintf_i.o)
                0x000000000800bd90                _printf_common
 *fill*         0x000000000800be6a        0x2 
 .text._printf_i
                0x000000000800be6c      0x24c d:/app/stm32cubeide/stm32cubeide_1.10.1/stm32cubeide/plugins/com.st.stm32cube.ide.mcu.externaltools.gnu-tools-for-stm32.10.3-2021.10.win32_1.0.0.202111181127/tools/bin/../lib/gcc/arm-none-eabi/10.3.1/../../../../arm-none-eabi/lib/thumb/v7e-m+fp/hard\libc_nano.a(lib_a-nano-vfprintf_i.o)
                0x000000000800be6c                _printf_i
 .text.sprintf  0x000000000800c0b8       0x40 d:/app/stm32cubeide/stm32cubeide_1.10.1/stm32cubeide/plugins/com.st.stm32cube.ide.mcu.externaltools.gnu-tools-for-stm32.10.3-2021.10.win32_1.0.0.202111181127/tools/bin/../lib/gcc/arm-none-eabi/10.3.1/../../../../arm-none-eabi/lib/thumb/v7e-m+fp/hard\libc_nano.a(lib_a-sprintf.o)
                0x000000000800c0b8                siprintf
                0x000000000800c0b8                sprintf
 .text.quorem   0x000000000800c0f8      0x116 d:/app/stm32cubeide/stm32cubeide_1.10.1/stm32cubeide/plugins/com.st.stm32cube.ide.mcu.externaltools.gnu-tools-for-stm32.10.3-2021.10.win32_1.0.0.202111181127/tools/bin/../lib/gcc/arm-none-eabi/10.3.1/../../../../arm-none-eabi/lib/thumb/v7e-m+fp/hard\libc_nano.a(lib_a-dtoa.o)
 *fill*         0x000000000800c20e        0x2 
 .text._dtoa_r  0x000000000800c210      0xbdc d:/app/stm32cubeide/stm32cubeide_1.10.1/stm32cubeide/plugins/com.st.stm32cube.ide.mcu.externaltools.gnu-tools-for-stm32.10.3-2021.10.win32_1.0.0.202111181127/tools/bin/../lib/gcc/arm-none-eabi/10.3.1/../../../../arm-none-eabi/lib/thumb/v7e-m+fp/hard\libc_nano.a(lib_a-dtoa.o)
                0x000000000800c210                _dtoa_r
 .text._localeconv_r
                0x000000000800cdec        0x8 d:/app/stm32cubeide/stm32cubeide_1.10.1/stm32cubeide/plugins/com.st.stm32cube.ide.mcu.externaltools.gnu-tools-for-stm32.10.3-2021.10.win32_1.0.0.202111181127/tools/bin/../lib/gcc/arm-none-eabi/10.3.1/../../../../arm-none-eabi/lib/thumb/v7e-m+fp/hard\libc_nano.a(lib_a-localeconv.o)
                0x000000000800cdec                _localeconv_r
 .text.malloc   0x000000000800cdf4       0x10 d:/app/stm32cubeide/stm32cubeide_1.10.1/stm32cubeide/plugins/com.st.stm32cube.ide.mcu.externaltools.gnu-tools-for-stm32.10.3-2021.10.win32_1.0.0.202111181127/tools/bin/../lib/gcc/arm-none-eabi/10.3.1/../../../../arm-none-eabi/lib/thumb/v7e-m+fp/hard\libc_nano.a(lib_a-malloc.o)
                0x000000000800cdf4                malloc
 .text.memcpy   0x000000000800ce04       0x1c d:/app/stm32cubeide/stm32cubeide_1.10.1/stm32cubeide/plugins/com.st.stm32cube.ide.mcu.externaltools.gnu-tools-for-stm32.10.3-2021.10.win32_1.0.0.202111181127/tools/bin/../lib/gcc/arm-none-eabi/10.3.1/../../../../arm-none-eabi/lib/thumb/v7e-m+fp/hard\libc_nano.a(lib_a-memcpy-stub.o)
                0x000000000800ce04                memcpy
 .text._Balloc  0x000000000800ce20       0x80 d:/app/stm32cubeide/stm32cubeide_1.10.1/stm32cubeide/plugins/com.st.stm32cube.ide.mcu.externaltools.gnu-tools-for-stm32.10.3-2021.10.win32_1.0.0.202111181127/tools/bin/../lib/gcc/arm-none-eabi/10.3.1/../../../../arm-none-eabi/lib/thumb/v7e-m+fp/hard\libc_nano.a(lib_a-mprec.o)
                0x000000000800ce20                _Balloc
 .text._Bfree   0x000000000800cea0       0x44 d:/app/stm32cubeide/stm32cubeide_1.10.1/stm32cubeide/plugins/com.st.stm32cube.ide.mcu.externaltools.gnu-tools-for-stm32.10.3-2021.10.win32_1.0.0.202111181127/tools/bin/../lib/gcc/arm-none-eabi/10.3.1/../../../../arm-none-eabi/lib/thumb/v7e-m+fp/hard\libc_nano.a(lib_a-mprec.o)
                0x000000000800cea0                _Bfree
 .text.__multadd
                0x000000000800cee4       0x8c d:/app/stm32cubeide/stm32cubeide_1.10.1/stm32cubeide/plugins/com.st.stm32cube.ide.mcu.externaltools.gnu-tools-for-stm32.10.3-2021.10.win32_1.0.0.202111181127/tools/bin/../lib/gcc/arm-none-eabi/10.3.1/../../../../arm-none-eabi/lib/thumb/v7e-m+fp/hard\libc_nano.a(lib_a-mprec.o)
                0x000000000800cee4                __multadd
 .text.__hi0bits
                0x000000000800cf70       0x40 d:/app/stm32cubeide/stm32cubeide_1.10.1/stm32cubeide/plugins/com.st.stm32cube.ide.mcu.externaltools.gnu-tools-for-stm32.10.3-2021.10.win32_1.0.0.202111181127/tools/bin/../lib/gcc/arm-none-eabi/10.3.1/../../../../arm-none-eabi/lib/thumb/v7e-m+fp/hard\libc_nano.a(lib_a-mprec.o)
                0x000000000800cf70                __hi0bits
 .text.__lo0bits
                0x000000000800cfb0       0x5e d:/app/stm32cubeide/stm32cubeide_1.10.1/stm32cubeide/plugins/com.st.stm32cube.ide.mcu.externaltools.gnu-tools-for-stm32.10.3-2021.10.win32_1.0.0.202111181127/tools/bin/../lib/gcc/arm-none-eabi/10.3.1/../../../../arm-none-eabi/lib/thumb/v7e-m+fp/hard\libc_nano.a(lib_a-mprec.o)
                0x000000000800cfb0                __lo0bits
 *fill*         0x000000000800d00e        0x2 
 .text.__i2b    0x000000000800d010       0x2c d:/app/stm32cubeide/stm32cubeide_1.10.1/stm32cubeide/plugins/com.st.stm32cube.ide.mcu.externaltools.gnu-tools-for-stm32.10.3-2021.10.win32_1.0.0.202111181127/tools/bin/../lib/gcc/arm-none-eabi/10.3.1/../../../../arm-none-eabi/lib/thumb/v7e-m+fp/hard\libc_nano.a(lib_a-mprec.o)
                0x000000000800d010                __i2b
 .text.__multiply
                0x000000000800d03c      0x154 d:/app/stm32cubeide/stm32cubeide_1.10.1/stm32cubeide/plugins/com.st.stm32cube.ide.mcu.externaltools.gnu-tools-for-stm32.10.3-2021.10.win32_1.0.0.202111181127/tools/bin/../lib/gcc/arm-none-eabi/10.3.1/../../../../arm-none-eabi/lib/thumb/v7e-m+fp/hard\libc_nano.a(lib_a-mprec.o)
                0x000000000800d03c                __multiply
 .text.__pow5mult
                0x000000000800d190       0xb4 d:/app/stm32cubeide/stm32cubeide_1.10.1/stm32cubeide/plugins/com.st.stm32cube.ide.mcu.externaltools.gnu-tools-for-stm32.10.3-2021.10.win32_1.0.0.202111181127/tools/bin/../lib/gcc/arm-none-eabi/10.3.1/../../../../arm-none-eabi/lib/thumb/v7e-m+fp/hard\libc_nano.a(lib_a-mprec.o)
                0x000000000800d190                __pow5mult
 .text.__lshift
                0x000000000800d244       0xe0 d:/app/stm32cubeide/stm32cubeide_1.10.1/stm32cubeide/plugins/com.st.stm32cube.ide.mcu.externaltools.gnu-tools-for-stm32.10.3-2021.10.win32_1.0.0.202111181127/tools/bin/../lib/gcc/arm-none-eabi/10.3.1/../../../../arm-none-eabi/lib/thumb/v7e-m+fp/hard\libc_nano.a(lib_a-mprec.o)
                0x000000000800d244                __lshift
 .text.__mcmp   0x000000000800d324       0x38 d:/app/stm32cubeide/stm32cubeide_1.10.1/stm32cubeide/plugins/com.st.stm32cube.ide.mcu.externaltools.gnu-tools-for-stm32.10.3-2021.10.win32_1.0.0.202111181127/tools/bin/../lib/gcc/arm-none-eabi/10.3.1/../../../../arm-none-eabi/lib/thumb/v7e-m+fp/hard\libc_nano.a(lib_a-mprec.o)
                0x000000000800d324                __mcmp
 .text.__mdiff  0x000000000800d35c      0x114 d:/app/stm32cubeide/stm32cubeide_1.10.1/stm32cubeide/plugins/com.st.stm32cube.ide.mcu.externaltools.gnu-tools-for-stm32.10.3-2021.10.win32_1.0.0.202111181127/tools/bin/../lib/gcc/arm-none-eabi/10.3.1/../../../../arm-none-eabi/lib/thumb/v7e-m+fp/hard\libc_nano.a(lib_a-mprec.o)
                0x000000000800d35c                __mdiff
 .text.__d2b    0x000000000800d470       0xb8 d:/app/stm32cubeide/stm32cubeide_1.10.1/stm32cubeide/plugins/com.st.stm32cube.ide.mcu.externaltools.gnu-tools-for-stm32.10.3-2021.10.win32_1.0.0.202111181127/tools/bin/../lib/gcc/arm-none-eabi/10.3.1/../../../../arm-none-eabi/lib/thumb/v7e-m+fp/hard\libc_nano.a(lib_a-mprec.o)
                0x000000000800d470                __d2b
 .text._calloc_r
                0x000000000800d528       0x2c d:/app/stm32cubeide/stm32cubeide_1.10.1/stm32cubeide/plugins/com.st.stm32cube.ide.mcu.externaltools.gnu-tools-for-stm32.10.3-2021.10.win32_1.0.0.202111181127/tools/bin/../lib/gcc/arm-none-eabi/10.3.1/../../../../arm-none-eabi/lib/thumb/v7e-m+fp/hard\libc_nano.a(lib_a-nano-callocr.o)
                0x000000000800d528                _calloc_r
 .text._free_r  0x000000000800d554       0x98 d:/app/stm32cubeide/stm32cubeide_1.10.1/stm32cubeide/plugins/com.st.stm32cube.ide.mcu.externaltools.gnu-tools-for-stm32.10.3-2021.10.win32_1.0.0.202111181127/tools/bin/../lib/gcc/arm-none-eabi/10.3.1/../../../../arm-none-eabi/lib/thumb/v7e-m+fp/hard\libc_nano.a(lib_a-nano-freer.o)
                0x000000000800d554                _free_r
 .text.sbrk_aligned
                0x000000000800d5ec       0x40 d:/app/stm32cubeide/stm32cubeide_1.10.1/stm32cubeide/plugins/com.st.stm32cube.ide.mcu.externaltools.gnu-tools-for-stm32.10.3-2021.10.win32_1.0.0.202111181127/tools/bin/../lib/gcc/arm-none-eabi/10.3.1/../../../../arm-none-eabi/lib/thumb/v7e-m+fp/hard\libc_nano.a(lib_a-nano-mallocr.o)
 .text._malloc_r
                0x000000000800d62c       0xe8 d:/app/stm32cubeide/stm32cubeide_1.10.1/stm32cubeide/plugins/com.st.stm32cube.ide.mcu.externaltools.gnu-tools-for-stm32.10.3-2021.10.win32_1.0.0.202111181127/tools/bin/../lib/gcc/arm-none-eabi/10.3.1/../../../../arm-none-eabi/lib/thumb/v7e-m+fp/hard\libc_nano.a(lib_a-nano-mallocr.o)
                0x000000000800d62c                _malloc_r
 .text.__ssputs_r
                0x000000000800d714       0xb6 d:/app/stm32cubeide/stm32cubeide_1.10.1/stm32cubeide/plugins/com.st.stm32cube.ide.mcu.externaltools.gnu-tools-for-stm32.10.3-2021.10.win32_1.0.0.202111181127/tools/bin/../lib/gcc/arm-none-eabi/10.3.1/../../../../arm-none-eabi/lib/thumb/v7e-m+fp/hard\libc_nano.a(lib_a-nano-svfprintf.o)
                0x000000000800d714                __ssputs_r
 *fill*         0x000000000800d7ca        0x2 
 .text._svfprintf_r
                0x000000000800d7cc      0x200 d:/app/stm32cubeide/stm32cubeide_1.10.1/stm32cubeide/plugins/com.st.stm32cube.ide.mcu.externaltools.gnu-tools-for-stm32.10.3-2021.10.win32_1.0.0.202111181127/tools/bin/../lib/gcc/arm-none-eabi/10.3.1/../../../../arm-none-eabi/lib/thumb/v7e-m+fp/hard\libc_nano.a(lib_a-nano-svfprintf.o)
                0x000000000800d7cc                _svfiprintf_r
                0x000000000800d7cc                _svfprintf_r
 .text._sbrk_r  0x000000000800d9cc       0x20 d:/app/stm32cubeide/stm32cubeide_1.10.1/stm32cubeide/plugins/com.st.stm32cube.ide.mcu.externaltools.gnu-tools-for-stm32.10.3-2021.10.win32_1.0.0.202111181127/tools/bin/../lib/gcc/arm-none-eabi/10.3.1/../../../../arm-none-eabi/lib/thumb/v7e-m+fp/hard\libc_nano.a(lib_a-sbrkr.o)
                0x000000000800d9cc                _sbrk_r
 .text.__assert_func
                0x000000000800d9ec       0x3c d:/app/stm32cubeide/stm32cubeide_1.10.1/stm32cubeide/plugins/com.st.stm32cube.ide.mcu.externaltools.gnu-tools-for-stm32.10.3-2021.10.win32_1.0.0.202111181127/tools/bin/../lib/gcc/arm-none-eabi/10.3.1/../../../../arm-none-eabi/lib/thumb/v7e-m+fp/hard\libc_nano.a(lib_a-assert.o)
                0x000000000800d9ec                __assert_func
 .text.fprintf  0x000000000800da28       0x24 d:/app/stm32cubeide/stm32cubeide_1.10.1/stm32cubeide/plugins/com.st.stm32cube.ide.mcu.externaltools.gnu-tools-for-stm32.10.3-2021.10.win32_1.0.0.202111181127/tools/bin/../lib/gcc/arm-none-eabi/10.3.1/../../../../arm-none-eabi/lib/thumb/v7e-m+fp/hard\libc_nano.a(lib_a-fprintf.o)
                0x000000000800da28                fiprintf
                0x000000000800da28                fprintf
 .text.__ascii_mbtowc
                0x000000000800da4c       0x24 d:/app/stm32cubeide/stm32cubeide_1.10.1/stm32cubeide/plugins/com.st.stm32cube.ide.mcu.externaltools.gnu-tools-for-stm32.10.3-2021.10.win32_1.0.0.202111181127/tools/bin/../lib/gcc/arm-none-eabi/10.3.1/../../../../arm-none-eabi/lib/thumb/v7e-m+fp/hard\libc_nano.a(lib_a-mbtowc_r.o)
                0x000000000800da4c                __ascii_mbtowc
 .text.memmove  0x000000000800da70       0x34 d:/app/stm32cubeide/stm32cubeide_1.10.1/stm32cubeide/plugins/com.st.stm32cube.ide.mcu.externaltools.gnu-tools-for-stm32.10.3-2021.10.win32_1.0.0.202111181127/tools/bin/../lib/gcc/arm-none-eabi/10.3.1/../../../../arm-none-eabi/lib/thumb/v7e-m+fp/hard\libc_nano.a(lib_a-memmove.o)
                0x000000000800da70                memmove
 .text.__malloc_lock
                0x000000000800daa4        0xc d:/app/stm32cubeide/stm32cubeide_1.10.1/stm32cubeide/plugins/com.st.stm32cube.ide.mcu.externaltools.gnu-tools-for-stm32.10.3-2021.10.win32_1.0.0.202111181127/tools/bin/../lib/gcc/arm-none-eabi/10.3.1/../../../../arm-none-eabi/lib/thumb/v7e-m+fp/hard\libc_nano.a(lib_a-mlock.o)
                0x000000000800daa4                __malloc_lock
 .text.__malloc_unlock
                0x000000000800dab0        0xc d:/app/stm32cubeide/stm32cubeide_1.10.1/stm32cubeide/plugins/com.st.stm32cube.ide.mcu.externaltools.gnu-tools-for-stm32.10.3-2021.10.win32_1.0.0.202111181127/tools/bin/../lib/gcc/arm-none-eabi/10.3.1/../../../../arm-none-eabi/lib/thumb/v7e-m+fp/hard\libc_nano.a(lib_a-mlock.o)
                0x000000000800dab0                __malloc_unlock
 .text._realloc_r
                0x000000000800dabc       0x5e d:/app/stm32cubeide/stm32cubeide_1.10.1/stm32cubeide/plugins/com.st.stm32cube.ide.mcu.externaltools.gnu-tools-for-stm32.10.3-2021.10.win32_1.0.0.202111181127/tools/bin/../lib/gcc/arm-none-eabi/10.3.1/../../../../arm-none-eabi/lib/thumb/v7e-m+fp/hard\libc_nano.a(lib_a-nano-reallocr.o)
                0x000000000800dabc                _realloc_r
 .text.__sfputc_r
                0x000000000800db1a       0x2e d:/app/stm32cubeide/stm32cubeide_1.10.1/stm32cubeide/plugins/com.st.stm32cube.ide.mcu.externaltools.gnu-tools-for-stm32.10.3-2021.10.win32_1.0.0.202111181127/tools/bin/../lib/gcc/arm-none-eabi/10.3.1/../../../../arm-none-eabi/lib/thumb/v7e-m+fp/hard\libc_nano.a(lib_a-nano-vfprintf.o)
 .text.__sfputs_r
                0x000000000800db48       0x24 d:/app/stm32cubeide/stm32cubeide_1.10.1/stm32cubeide/plugins/com.st.stm32cube.ide.mcu.externaltools.gnu-tools-for-stm32.10.3-2021.10.win32_1.0.0.202111181127/tools/bin/../lib/gcc/arm-none-eabi/10.3.1/../../../../arm-none-eabi/lib/thumb/v7e-m+fp/hard\libc_nano.a(lib_a-nano-vfprintf.o)
                0x000000000800db48                __sfputs_r
 .text._vfprintf_r
                0x000000000800db6c      0x260 d:/app/stm32cubeide/stm32cubeide_1.10.1/stm32cubeide/plugins/com.st.stm32cube.ide.mcu.externaltools.gnu-tools-for-stm32.10.3-2021.10.win32_1.0.0.202111181127/tools/bin/../lib/gcc/arm-none-eabi/10.3.1/../../../../arm-none-eabi/lib/thumb/v7e-m+fp/hard\libc_nano.a(lib_a-nano-vfprintf.o)
                0x000000000800db6c                _vfprintf_r
                0x000000000800db6c                _vfiprintf_r
 .text.__swbuf_r
                0x000000000800ddcc       0xa4 d:/app/stm32cubeide/stm32cubeide_1.10.1/stm32cubeide/plugins/com.st.stm32cube.ide.mcu.externaltools.gnu-tools-for-stm32.10.3-2021.10.win32_1.0.0.202111181127/tools/bin/../lib/gcc/arm-none-eabi/10.3.1/../../../../arm-none-eabi/lib/thumb/v7e-m+fp/hard\libc_nano.a(lib_a-wbuf.o)
                0x000000000800ddcc                __swbuf_r
 .text.__ascii_wctomb
                0x000000000800de70       0x1a d:/app/stm32cubeide/stm32cubeide_1.10.1/stm32cubeide/plugins/com.st.stm32cube.ide.mcu.externaltools.gnu-tools-for-stm32.10.3-2021.10.win32_1.0.0.202111181127/tools/bin/../lib/gcc/arm-none-eabi/10.3.1/../../../../arm-none-eabi/lib/thumb/v7e-m+fp/hard\libc_nano.a(lib_a-wctomb_r.o)
                0x000000000800de70                __ascii_wctomb
 *fill*         0x000000000800de8a        0x2 
 .text.__swsetup_r
                0x000000000800de8c       0xdc d:/app/stm32cubeide/stm32cubeide_1.10.1/stm32cubeide/plugins/com.st.stm32cube.ide.mcu.externaltools.gnu-tools-for-stm32.10.3-2021.10.win32_1.0.0.202111181127/tools/bin/../lib/gcc/arm-none-eabi/10.3.1/../../../../arm-none-eabi/lib/thumb/v7e-m+fp/hard\libc_nano.a(lib_a-wsetup.o)
                0x000000000800de8c                __swsetup_r
 .text.abort    0x000000000800df68        0xe d:/app/stm32cubeide/stm32cubeide_1.10.1/stm32cubeide/plugins/com.st.stm32cube.ide.mcu.externaltools.gnu-tools-for-stm32.10.3-2021.10.win32_1.0.0.202111181127/tools/bin/../lib/gcc/arm-none-eabi/10.3.1/../../../../arm-none-eabi/lib/thumb/v7e-m+fp/hard\libc_nano.a(lib_a-abort.o)
                0x000000000800df68                abort
 *fill*         0x000000000800df76        0x2 
 .text.__sflush_r
                0x000000000800df78      0x10c d:/app/stm32cubeide/stm32cubeide_1.10.1/stm32cubeide/plugins/com.st.stm32cube.ide.mcu.externaltools.gnu-tools-for-stm32.10.3-2021.10.win32_1.0.0.202111181127/tools/bin/../lib/gcc/arm-none-eabi/10.3.1/../../../../arm-none-eabi/lib/thumb/v7e-m+fp/hard\libc_nano.a(lib_a-fflush.o)
                0x000000000800df78                __sflush_r
 .text._fflush_r
                0x000000000800e084       0x78 d:/app/stm32cubeide/stm32cubeide_1.10.1/stm32cubeide/plugins/com.st.stm32cube.ide.mcu.externaltools.gnu-tools-for-stm32.10.3-2021.10.win32_1.0.0.202111181127/tools/bin/../lib/gcc/arm-none-eabi/10.3.1/../../../../arm-none-eabi/lib/thumb/v7e-m+fp/hard\libc_nano.a(lib_a-fflush.o)
                0x000000000800e084                _fflush_r
 .text.std      0x000000000800e0fc       0x48 d:/app/stm32cubeide/stm32cubeide_1.10.1/stm32cubeide/plugins/com.st.stm32cube.ide.mcu.externaltools.gnu-tools-for-stm32.10.3-2021.10.win32_1.0.0.202111181127/tools/bin/../lib/gcc/arm-none-eabi/10.3.1/../../../../arm-none-eabi/lib/thumb/v7e-m+fp/hard\libc_nano.a(lib_a-findfp.o)
 .text._cleanup_r
                0x000000000800e144        0xc d:/app/stm32cubeide/stm32cubeide_1.10.1/stm32cubeide/plugins/com.st.stm32cube.ide.mcu.externaltools.gnu-tools-for-stm32.10.3-2021.10.win32_1.0.0.202111181127/tools/bin/../lib/gcc/arm-none-eabi/10.3.1/../../../../arm-none-eabi/lib/thumb/v7e-m+fp/hard\libc_nano.a(lib_a-findfp.o)
                0x000000000800e144                _cleanup_r
 .text.__sfmoreglue
                0x000000000800e150       0x2c d:/app/stm32cubeide/stm32cubeide_1.10.1/stm32cubeide/plugins/com.st.stm32cube.ide.mcu.externaltools.gnu-tools-for-stm32.10.3-2021.10.win32_1.0.0.202111181127/tools/bin/../lib/gcc/arm-none-eabi/10.3.1/../../../../arm-none-eabi/lib/thumb/v7e-m+fp/hard\libc_nano.a(lib_a-findfp.o)
                0x000000000800e150                __sfmoreglue
 .text.__sfp_lock_acquire
                0x000000000800e17c        0xc d:/app/stm32cubeide/stm32cubeide_1.10.1/stm32cubeide/plugins/com.st.stm32cube.ide.mcu.externaltools.gnu-tools-for-stm32.10.3-2021.10.win32_1.0.0.202111181127/tools/bin/../lib/gcc/arm-none-eabi/10.3.1/../../../../arm-none-eabi/lib/thumb/v7e-m+fp/hard\libc_nano.a(lib_a-findfp.o)
                0x000000000800e17c                __sfp_lock_acquire
 .text.__sfp_lock_release
                0x000000000800e188        0xc d:/app/stm32cubeide/stm32cubeide_1.10.1/stm32cubeide/plugins/com.st.stm32cube.ide.mcu.externaltools.gnu-tools-for-stm32.10.3-2021.10.win32_1.0.0.202111181127/tools/bin/../lib/gcc/arm-none-eabi/10.3.1/../../../../arm-none-eabi/lib/thumb/v7e-m+fp/hard\libc_nano.a(lib_a-findfp.o)
                0x000000000800e188                __sfp_lock_release
 .text.__sinit_lock_acquire
                0x000000000800e194        0xc d:/app/stm32cubeide/stm32cubeide_1.10.1/stm32cubeide/plugins/com.st.stm32cube.ide.mcu.externaltools.gnu-tools-for-stm32.10.3-2021.10.win32_1.0.0.202111181127/tools/bin/../lib/gcc/arm-none-eabi/10.3.1/../../../../arm-none-eabi/lib/thumb/v7e-m+fp/hard\libc_nano.a(lib_a-findfp.o)
                0x000000000800e194                __sinit_lock_acquire
 .text.__sinit_lock_release
                0x000000000800e1a0        0xc d:/app/stm32cubeide/stm32cubeide_1.10.1/stm32cubeide/plugins/com.st.stm32cube.ide.mcu.externaltools.gnu-tools-for-stm32.10.3-2021.10.win32_1.0.0.202111181127/tools/bin/../lib/gcc/arm-none-eabi/10.3.1/../../../../arm-none-eabi/lib/thumb/v7e-m+fp/hard\libc_nano.a(lib_a-findfp.o)
                0x000000000800e1a0                __sinit_lock_release
 .text.__sinit  0x000000000800e1ac       0x70 d:/app/stm32cubeide/stm32cubeide_1.10.1/stm32cubeide/plugins/com.st.stm32cube.ide.mcu.externaltools.gnu-tools-for-stm32.10.3-2021.10.win32_1.0.0.202111181127/tools/bin/../lib/gcc/arm-none-eabi/10.3.1/../../../../arm-none-eabi/lib/thumb/v7e-m+fp/hard\libc_nano.a(lib_a-findfp.o)
                0x000000000800e1ac                __sinit